BL51 BANKED LINKER/LOCATER V6.22                                                        10/20/2018  16:21:35  PAGE 1


BL51 BANKED LINKER/LOCATER V6.22, INVOKED BY:
D:\PROGRAM FILES (X86)\MDK\C51\BIN\BL51.EXE ..\OBJ\NRF24L01.obj, ..\OBJ\Rocker.obj, ..\OBJ\STARTUP.obj, ..\OBJ\delay.obj
>> , ..\OBJ\uart.obj, ..\OBJ\timer.obj, ..\OBJ\spi.obj, ..\OBJ\adc.obj, ..\OBJ\MAIN.obj, ..\OBJ\Version.obj TO ..\OBJ\NR
>> F_Car_ADC3_TEST PRINT (.\Listings\NRF_Car_ADC3_TEST.m51) RAMSIZE (256)


MEMORY MODEL: SMALL


INPUT MODULES INCLUDED:
  ..\OBJ\NRF24L01.obj (NRF24L01)
  ..\OBJ\Rocker.obj (ROCKER)
  ..\OBJ\STARTUP.obj (?C_STARTUP)
  ..\OBJ\delay.obj (DELAY)
  ..\OBJ\uart.obj (UART)
  ..\OBJ\timer.obj (TIMER)
  ..\OBJ\spi.obj (SPI)
  ..\OBJ\adc.obj (ADC)
  ..\OBJ\MAIN.obj (MAIN)
  ..\OBJ\Version.obj (VERSION)
  D:\PROGRAM FILES (X86)\MDK\C51\LIB\C51S.LIB (?C_INIT)
  D:\PROGRAM FILES (X86)\MDK\C51\LIB\C51S.LIB (?C?COPY)
  D:\PROGRAM FILES (X86)\MDK\C51\LIB\C51S.LIB (?C?CLDPTR)
  D:\PROGRAM FILES (X86)\MDK\C51\LIB\C51S.LIB (?C?CSTOPTR)
  D:\PROGRAM FILES (X86)\MDK\C51\LIB\C51S.LIB (PRINTF)
  D:\PROGRAM FILES (X86)\MDK\C51\LIB\C51S.LIB (?C?CLDOPTR)
  D:\PROGRAM FILES (X86)\MDK\C51\LIB\C51S.LIB (?C?CSTPTR)
  D:\PROGRAM FILES (X86)\MDK\C51\LIB\C51S.LIB (?C?PLDIIDATA)
  D:\PROGRAM FILES (X86)\MDK\C51\LIB\C51S.LIB (?C?CCASE)
  D:\PROGRAM FILES (X86)\MDK\C51\LIB\C51S.LIB (PUTCHAR)


LINK MAP OF MODULE:  ..\OBJ\NRF_Car_ADC3_TEST (NRF24L01)


            TYPE    BASE      LENGTH    RELOCATION   SEGMENT NAME
            -----------------------------------------------------

            * * * * * * *   D A T A   M E M O R Y   * * * * * * *
            REG     0000H     0008H     ABSOLUTE     "REG BANK 0"
            DATA    0008H     0014H     UNIT         _DATA_GROUP_
            DATA    001CH     0002H     UNIT         ?DT?TIMER
            DATA    001EH     0001H     UNIT         ?DT?_NRF24L01_TXPACKET?NRF24L01
                    001FH     0001H                  *** GAP ***
            BIT     0020H.0   0001H.1   UNIT         _BIT_GROUP_
            BIT     0021H.1   0000H.1   UNIT         ?BI?UART
            BIT     0021H.2   0000H.1   UNIT         ?BI?SPI
            BIT     0021H.3   0000H.1   UNIT         ?BI?ADC
            BIT     0021H.4   0000H.1   UNIT         ?BI?MAIN
                    0021H.5   0000H.3                *** GAP ***
            DATA    0022H     000AH     UNIT         ?DT?NRF24L01
            DATA    002CH     0009H     UNIT         ?DT?ADC
            DATA    0035H     0008H     UNIT         ?DT?ROCKER
            IDATA   003DH     0001H     UNIT         ?STACK

            * * * * * * *  X D A T A   M E M O R Y  * * * * * * *
            XDATA   0000H     0020H     UNIT         ?XD?MAIN
            XDATA   0020H     0015H     UNIT         _XDATA_GROUP_
BL51 BANKED LINKER/LOCATER V6.22                                                      10/20/2018  16:21:35  PAGE 2



            * * * * * * *   C O D E   M E M O R Y   * * * * * * *
            CODE    0000H     0003H     ABSOLUTE     
            CODE    0003H     0006H     UNIT         ?PR?DELAY10US?DELAY
                    0009H     0002H                  *** GAP ***
            CODE    000BH     0003H     ABSOLUTE     
            CODE    000EH     0013H     UNIT         ?PR?_NRF24L01_WRITE_REG?NRF24L01
                    0021H     0002H                  *** GAP ***
            CODE    0023H     0003H     ABSOLUTE     
            CODE    0026H     0005H     UNIT         ?CO?NRF24L01
            CODE    002BH     0003H     ABSOLUTE     
            CODE    002EH     001BH     UNIT         ?PR?GET_ROCKER?ROCKER
                    0049H     0002H                  *** GAP ***
            CODE    004BH     0003H     ABSOLUTE     
            CODE    004EH     035CH     UNIT         ?PR?PRINTF?PRINTF
            CODE    03AAH     01A6H     UNIT         ?C?LIB_CODE
            CODE    0550H     00A2H     UNIT         ?PR?ADC_INTERRUPTION?ADC
            CODE    05F2H     008CH     UNIT         ?C_C51STARTUP
            CODE    067EH     0084H     UNIT         ?PR?ADC_UART_TEST?ROCKER
            CODE    0702H     0065H     UNIT         ?CO?MAIN
            CODE    0767H     0061H     UNIT         ?PR?MAIN?MAIN
            CODE    07C8H     0048H     UNIT         ?PR?NRF24L01_CHECK?NRF24L01
            CODE    0810H     0048H     UNIT         ?CO?ROCKER
            CODE    0858H     0042H     UNIT         ?PR?SYSTEM_INIT?MAIN
            CODE    089AH     0040H     UNIT         ?PR?_NRF24L01_WRITE_BUF?NRF24L01
            CODE    08DAH     0040H     UNIT         ?PR?NRF24L01_TX_MODE?NRF24L01
            CODE    091AH     0037H     UNIT         ?PR?_NRF24L01_TXPACKET?NRF24L01
            CODE    0951H     0035H     UNIT         ?PR?_NRF24L01_READ_BUF?NRF24L01
            CODE    0986H     0034H     UNIT         ?PR?_NRF24L01_RXPACKET?NRF24L01
            CODE    09BAH     0032H     UNIT         ?PR?NRF24L01_RX_MODE?NRF24L01
            CODE    09ECH     002BH     UNIT         ?PR?NRF24L01_INIT?NRF24L01
            CODE    0A17H     0027H     UNIT         ?PR?PUTCHAR?PUTCHAR
            CODE    0A3EH     0025H     UNIT         ?PR?_UART_SENDSTRING?UART
            CODE    0A63H     0024H     UNIT         ?PR?TIME0_INTERRUPTION?TIMER
            CODE    0A87H     001EH     UNIT         ?C_INITSEG
            CODE    0AA5H     001BH     UNIT         ?PR?_DELAY?DELAY
            CODE    0AC0H     001BH     UNIT         ?PR?UART_INIT?UART
            CODE    0ADBH     0016H     UNIT         ?PR?_UART_SENDDATA?UART
            CODE    0AF1H     0013H     UNIT         ?PR?TIMER0_1MS_INIT?TIMER
            CODE    0B04H     0013H     UNIT         ?PR?ADC_INIT?ADC
            CODE    0B17H     000FH     UNIT         ?PR?DELAY200MS?DELAY
            CODE    0B26H     000FH     UNIT         ?PR?SOFTDELAY500MS?DELAY
            CODE    0B35H     000DH     UNIT         ?PR?_NRF24L01_READ_REG?NRF24L01
            CODE    0B42H     000DH     UNIT         ?PR?UART_TIME1_INTERRUPTION?UART
            CODE    0B4FH     000DH     UNIT         ?PR?SPI_INIT?SPI
            CODE    0B5CH     000DH     UNIT         ?PR?_SPI_READWRITEBYTE?SPI
            CODE    0B69H     000BH     UNIT         ?PR?DELAY100US?DELAY
            CODE    0B74H     0009H     UNIT         ?PR?DELAY5MS?DELAY
            CODE    0B7DH     0009H     UNIT         ?PR?DELAY10MS?DELAY
            CODE    0B86H     0006H     UNIT         ?PR?SPI_INTERRUPTION?SPI



OVERLAY MAP OF MODULE:   ..\OBJ\NRF_Car_ADC3_TEST (NRF24L01)


SEGMENT                                     BIT_GROUP          DATA_GROUP          XDATA_GROUP
BL51 BANKED LINKER/LOCATER V6.22                                                      10/20/2018  16:21:35  PAGE 3


  +--> CALLED SEGMENT                    START    LENGTH     START    LENGTH     START    LENGTH
------------------------------------------------------------------------------------------------
?C_C51STARTUP                            -----    -----      -----    -----      -----    -----
  +--> ?PR?MAIN?MAIN
  +--> ?C_INITSEG

?PR?MAIN?MAIN                            -----    -----      -----    -----      -----    -----
  +--> ?PR?SYSTEM_INIT?MAIN
  +--> ?PR?DELAY200MS?DELAY
  +--> ?CO?MAIN
  +--> ?PR?_UART_SENDSTRING?UART
  +--> ?PR?NRF24L01_CHECK?NRF24L01
  +--> ?PR?NRF24L01_RX_MODE?NRF24L01
  +--> ?PR?GET_ROCKER?ROCKER
  +--> ?PR?_NRF24L01_RXPACKET?NRF24L01

?PR?SYSTEM_INIT?MAIN                     -----    -----      -----    -----      -----    -----
  +--> ?PR?UART_INIT?UART
  +--> ?CO?MAIN
  +--> ?PR?_UART_SENDSTRING?UART
  +--> ?PR?TIMER0_1MS_INIT?TIMER
  +--> ?PR?NRF24L01_INIT?NRF24L01

?PR?_UART_SENDSTRING?UART                -----    -----      0008H    0003H      -----    -----
  +--> ?PR?_UART_SENDDATA?UART

?PR?NRF24L01_INIT?NRF24L01               -----    -----      -----    -----      -----    -----
  +--> ?PR?SPI_INIT?SPI

?PR?NRF24L01_CHECK?NRF24L01              -----    -----      0008H    0005H      -----    -----
  +--> ?CO?NRF24L01
  +--> ?PR?_NRF24L01_WRITE_BUF?NRF24L01
  +--> ?PR?_NRF24L01_READ_BUF?NRF24L01

?PR?_NRF24L01_WRITE_BUF?NRF24L01         -----    -----      000DH    0007H      -----    -----
  +--> ?PR?_SPI_READWRITEBYTE?SPI

?PR?_NRF24L01_READ_BUF?NRF24L01          -----    -----      000DH    0007H      -----    -----
  +--> ?PR?_SPI_READWRITEBYTE?SPI

?PR?NRF24L01_RX_MODE?NRF24L01            -----    -----      -----    -----      -----    -----
  +--> ?PR?_NRF24L01_WRITE_BUF?NRF24L01
  +--> ?PR?_NRF24L01_WRITE_REG?NRF24L01

?PR?_NRF24L01_WRITE_REG?NRF24L01         -----    -----      000CH    0002H      -----    -----
  +--> ?PR?_SPI_READWRITEBYTE?SPI

?PR?GET_ROCKER?ROCKER                    -----    -----      -----    -----      -----    -----
  +--> ?PR?ADC_UART_TEST?ROCKER

?PR?ADC_UART_TEST?ROCKER                 -----    -----      -----    -----      0020H    0015H
  +--> ?CO?ROCKER
  +--> ?PR?PRINTF?PRINTF
  +--> ?PR?_UART_SENDSTRING?UART

?PR?PRINTF?PRINTF                        0020H.0  0001H.1    0008H    0014H      -----    -----
  +--> ?PR?PUTCHAR?PUTCHAR
BL51 BANKED LINKER/LOCATER V6.22                                                      10/20/2018  16:21:35  PAGE 4



?PR?_NRF24L01_RXPACKET?NRF24L01          -----    -----      0008H    0004H      -----    -----
  +--> ?PR?_NRF24L01_READ_REG?NRF24L01
  +--> ?PR?_NRF24L01_WRITE_REG?NRF24L01
  +--> ?PR?_NRF24L01_READ_BUF?NRF24L01

?PR?_NRF24L01_READ_REG?NRF24L01          -----    -----      -----    -----      -----    -----
  +--> ?PR?_SPI_READWRITEBYTE?SPI



SYMBOL TABLE OF MODULE:  ..\OBJ\NRF_Car_ADC3_TEST (NRF24L01)

  VALUE           TYPE          NAME
  ----------------------------------

  -------         MODULE        NRF24L01
  C:0000H         SYMBOL        _ICE_DUMMY_
  D:0096H         PUBLIC        P2M0
  D:0080H         PUBLIC        P0
  D:00B2H         PUBLIC        P3M0
  D:0095H         PUBLIC        P2M1
  D:0090H         PUBLIC        P1
  D:00B1H         PUBLIC        P3M1
  D:00A0H         PUBLIC        P2
  D:00CAH         PUBLIC        P5M0
  D:00B0H         PUBLIC        P3
  C:0986H         PUBLIC        _NRF24L01_RxPacket
  D:00C9H         PUBLIC        P5M1
  D:00C0H         PUBLIC        P4
  D:00C8H         PUBLIC        P5
  C:091AH         PUBLIC        _NRF24L01_TxPacket
  D:00E8H         PUBLIC        P6
  D:00F8H         PUBLIC        P7
  D:00A8H         PUBLIC        IE
  B:0090H.2       PUBLIC        NRF24L01_SPI_CSN
  D:0022H         PUBLIC        RX_ADDRESS
  D:0027H         PUBLIC        TX_ADDRESS
  D:00B8H         PUBLIC        IP
  D:00D8H         PUBLIC        CCON
  D:0098H         PUBLIC        SCON
  D:0088H         PUBLIC        TCON
  C:07C8H         PUBLIC        NRF24L01_Check
  C:0026H         SYMBOL        _?ix1000
  B:00B0H.2       PUBLIC        NRF24L01_IRQ
  B:0090H.5       PUBLIC        NRF24L01_SPI_SCLK
  C:0951H         PUBLIC        _NRF24L01_Read_Buf
  C:0B35H         PUBLIC        _NRF24L01_Read_Reg
  B:0090H.4       PUBLIC        NRF24L01_SPI_MISO
  B:0090H.3       PUBLIC        NRF24L01_SPI_MOSI
  B:00C8H.5       PUBLIC        NRF24L01_CE
  C:08A5H         PUBLIC        _NRF24L01_Write_Buf
  C:000EH         PUBLIC        _NRF24L01_Write_Reg
  C:09BAH         PUBLIC        NRF24L01_RX_Mode
  C:08DAH         PUBLIC        NRF24L01_TX_Mode
  C:09ECH         PUBLIC        NRF24L01_Init
  D:00D0H         PUBLIC        PSW
BL51 BANKED LINKER/LOCATER V6.22                                                      10/20/2018  16:21:35  PAGE 5


  -------         PROC          NRF24L01_INIT
  C:09ECH         LINE#         20
  C:09ECH         LINE#         21
  C:09ECH         LINE#         28
  C:09EFH         LINE#         29
  C:09F2H         LINE#         30
  C:09F5H         LINE#         31
  C:09F5H         LINE#         32
  C:09F7H         LINE#         33
  C:09F9H         LINE#         34
  C:09FBH         LINE#         35
  C:09FDH         LINE#         38
  C:09FDH         LINE#         39
  C:0A00H         LINE#         40
  C:0A03H         LINE#         41
  C:0A03H         LINE#         42
  C:0A05H         LINE#         45
  C:0A08H         LINE#         46
  C:0A08H         LINE#         47
  C:0A0BH         LINE#         48
  C:0A0BH         LINE#         49
  C:0A0DH         LINE#         52
  C:0A10H         LINE#         54
  C:0A12H         LINE#         55
  C:0A14H         LINE#         56
  C:0A16H         LINE#         57
  -------         ENDPROC       NRF24L01_INIT
  -------         PROC          NRF24L01_CHECK
  -------         DO            
  D:0008H         SYMBOL        buf
  D:0007H         SYMBOL        i
  -------         ENDDO         
  C:07C8H         LINE#         66
  C:07C8H         LINE#         67
  C:07C8H         LINE#         68
  C:07DBH         LINE#         71
  C:07E9H         LINE#         72
  C:07F7H         LINE#         75
  C:07F9H         LINE#         76
  C:0805H         LINE#         78
  C:080DH         LINE#         79
  C:080FH         LINE#         80
  -------         ENDPROC       NRF24L01_CHECK
  -------         PROC          _NRF24L01_WRITE_REG
  D:0007H         SYMBOL        Reg
  D:000CH         SYMBOL        Data
  -------         DO            
  D:000DH         SYMBOL        status
  -------         ENDDO         
  C:000EH         LINE#         90
  C:0010H         LINE#         91
  C:0010H         LINE#         94
  C:0012H         LINE#         95
  C:0017H         LINE#         96
  C:001CH         LINE#         97
  C:001EH         LINE#         99
  C:0020H         LINE#         100
BL51 BANKED LINKER/LOCATER V6.22                                                      10/20/2018  16:21:35  PAGE 6


  -------         ENDPROC       _NRF24L01_WRITE_REG
  -------         PROC          _NRF24L01_READ_REG
  D:0007H         SYMBOL        Reg
  -------         DO            
  D:0007H         SYMBOL        Reg_Data
  -------         ENDDO         
  C:0B35H         LINE#         109
  C:0B35H         LINE#         110
  C:0B35H         LINE#         113
  C:0B37H         LINE#         114
  C:0B3AH         LINE#         115
  C:0B3FH         LINE#         116
  C:0B41H         LINE#         118
  C:0B41H         LINE#         119
  -------         ENDPROC       _NRF24L01_READ_REG
  -------         PROC          _NRF24L01_READ_BUF
  D:0007H         SYMBOL        Reg
  D:000EH         SYMBOL        p_Buf
  D:0011H         SYMBOL        Len
  -------         DO            
  D:0012H         SYMBOL        status
  D:0013H         SYMBOL        u8_ctr
  -------         ENDDO         
  C:0951H         LINE#         130
  C:0957H         LINE#         131
  C:0957H         LINE#         134
  C:0959H         LINE#         135
  C:095EH         LINE#         136
  C:0968H         LINE#         137
  C:0981H         LINE#         138
  C:0983H         LINE#         140
  C:0985H         LINE#         141
  -------         ENDPROC       _NRF24L01_READ_BUF
  -------         PROC          L?0028
  -------         ENDPROC       L?0028
  -------         PROC          _NRF24L01_WRITE_BUF
  D:0007H         SYMBOL        Reg
  D:000EH         SYMBOL        p_Buf
  D:0011H         SYMBOL        Len
  -------         DO            
  D:0012H         SYMBOL        status
  D:0013H         SYMBOL        u8_ctr
  -------         ENDDO         
  C:08A5H         LINE#         152
  C:08ABH         LINE#         153
  C:08ABH         LINE#         156
  C:08ADH         LINE#         157
  C:08B2H         LINE#         158
  C:08BCH         LINE#         159
  C:08D5H         LINE#         160
  C:08D7H         LINE#         162
  C:08D9H         LINE#         163
  -------         ENDPROC       _NRF24L01_WRITE_BUF
  -------         PROC          _NRF24L01_TXPACKET
  D:0001H         SYMBOL        TxBuf
  -------         DO            
  D:001EH         SYMBOL        sta
BL51 BANKED LINKER/LOCATER V6.22                                                      10/20/2018  16:21:35  PAGE 7


  -------         ENDDO         
  C:091AH         LINE#         172
  C:091AH         LINE#         173
  C:091AH         LINE#         176
  C:091CH         LINE#         177
  C:0924H         LINE#         178
  C:0926H         LINE#         179
  C:0929H         LINE#         180
  C:0930H         LINE#         181
  C:0937H         LINE#         183
  C:093CH         LINE#         184
  C:093CH         LINE#         185
  C:0943H         LINE#         186
  C:0946H         LINE#         187
  C:0946H         LINE#         188
  C:094BH         LINE#         189
  C:094BH         LINE#         190
  C:094EH         LINE#         191
  C:094EH         LINE#         192
  C:0950H         LINE#         193
  -------         ENDPROC       _NRF24L01_TXPACKET
  -------         PROC          _NRF24L01_RXPACKET
  D:0008H         SYMBOL        RxBuf
  -------         DO            
  D:000BH         SYMBOL        sta
  -------         ENDDO         
  C:0986H         LINE#         202
  C:098CH         LINE#         203
  C:098CH         LINE#         206
  C:0993H         LINE#         207
  C:099AH         LINE#         208
  C:099FH         LINE#         209
  C:099FH         LINE#         210
  C:09ADH         LINE#         211
  C:09B4H         LINE#         212
  C:09B7H         LINE#         213
  C:09B7H         LINE#         214
  C:09B9H         LINE#         215
  -------         ENDPROC       _NRF24L01_RXPACKET
  -------         PROC          NRF24L01_RX_MODE
  C:09BAH         LINE#         225
  C:09BAH         LINE#         226
  C:09BAH         LINE#         227
  C:09BCH         LINE#         229
  C:09BFH         LINE#         231
  C:09C6H         LINE#         232
  C:09CDH         LINE#         233
  C:09D4H         LINE#         234
  C:09DBH         LINE#         235
  C:09E2H         LINE#         236
  C:09E9H         LINE#         238
  C:09EBH         LINE#         239
  -------         ENDPROC       NRF24L01_RX_MODE
  -------         PROC          NRF24L01_TX_MODE
  C:08DAH         LINE#         248
  C:08DAH         LINE#         249
  C:08DAH         LINE#         250
BL51 BANKED LINKER/LOCATER V6.22                                                      10/20/2018  16:21:35  PAGE 8


  C:08DCH         LINE#         252
  C:08EAH         LINE#         254
  C:08EDH         LINE#         256
  C:08F4H         LINE#         257
  C:08FBH         LINE#         258
  C:0902H         LINE#         259
  C:0909H         LINE#         260
  C:0910H         LINE#         261
  C:0917H         LINE#         262
  C:0919H         LINE#         263
  -------         ENDPROC       NRF24L01_TX_MODE
  -------         ENDMOD        NRF24L01

  -------         MODULE        ROCKER
  C:0000H         SYMBOL        _ICE_DUMMY_
  D:0080H         PUBLIC        P0
  D:0090H         PUBLIC        P1
  D:00A0H         PUBLIC        P2
  D:00B0H         PUBLIC        P3
  D:00C0H         PUBLIC        P4
  D:00C8H         PUBLIC        P5
  D:00E8H         PUBLIC        P6
  D:00F8H         PUBLIC        P7
  C:067EH         PUBLIC        ADC_UART_TEST
  D:00A8H         PUBLIC        IE
  D:0035H         PUBLIC        Rocker_L
  D:00B8H         PUBLIC        IP
  D:0039H         PUBLIC        Rocker_R
  D:00D8H         PUBLIC        CCON
  D:0098H         PUBLIC        SCON
  D:0088H         PUBLIC        TCON
  C:002EH         PUBLIC        Get_Rocker
  D:00D0H         PUBLIC        PSW
  -------         PROC          ADC_UART_TEST
  -------         DO            
  X:0020H         SYMBOL        str
  -------         ENDDO         
  C:067EH         LINE#         19
  C:067EH         LINE#         20
  C:067EH         LINE#         24
  C:0696H         LINE#         25
  C:069FH         LINE#         26
  C:06B7H         LINE#         27
  C:06C0H         LINE#         28
  C:06D8H         LINE#         29
  C:06E1H         LINE#         30
  C:06F9H         LINE#         31
  -------         ENDPROC       ADC_UART_TEST
  -------         PROC          GET_ROCKER
  C:002EH         LINE#         36
  C:002EH         LINE#         37
  C:002EH         LINE#         48
  C:0034H         LINE#         49
  C:003AH         LINE#         50
  C:0040H         LINE#         51
  C:0046H         LINE#         53
  -------         ENDPROC       GET_ROCKER
BL51 BANKED LINKER/LOCATER V6.22                                                      10/20/2018  16:21:35  PAGE 9


  -------         ENDMOD        ROCKER

  -------         MODULE        ?C_STARTUP
  C:05F2H         SEGMENT       ?C_C51STARTUP
  I:003DH         SEGMENT       ?STACK
  C:0000H         PUBLIC        ?C_STARTUP
  D:00E0H         SYMBOL        ACC
  D:00F0H         SYMBOL        B
  D:0083H         SYMBOL        DPH
  D:0082H         SYMBOL        DPL
  N:0000H         SYMBOL        IBPSTACK
  N:0100H         SYMBOL        IBPSTACKTOP
  N:0080H         SYMBOL        IDATALEN
  C:05F5H         SYMBOL        IDATALOOP
  N:0000H         SYMBOL        PBPSTACK
  N:0100H         SYMBOL        PBPSTACKTOP
  N:0000H         SYMBOL        PDATALEN
  N:0000H         SYMBOL        PDATASTART
  N:0000H         SYMBOL        PPAGE
  N:0000H         SYMBOL        PPAGEENABLE
  D:00A0H         SYMBOL        PPAGE_SFR
  D:0081H         SYMBOL        SP
  C:05F2H         SYMBOL        STARTUP1
  N:0000H         SYMBOL        XBPSTACK
  N:0000H         SYMBOL        XBPSTACKTOP
  N:0000H         SYMBOL        XDATALEN
  N:0000H         SYMBOL        XDATASTART
  C:0000H         LINE#         126
  C:05F2H         LINE#         133
  C:05F4H         LINE#         134
  C:05F5H         LINE#         135
  C:05F6H         LINE#         136
  C:05F8H         LINE#         185
  C:05FBH         LINE#         196
  -------         ENDMOD        ?C_STARTUP

  -------         MODULE        DELAY
  C:0000H         SYMBOL        _ICE_DUMMY_
  D:0080H         PUBLIC        P0
  D:0090H         PUBLIC        P1
  D:00A0H         PUBLIC        P2
  D:00B0H         PUBLIC        P3
  D:00C0H         PUBLIC        P4
  D:00C8H         PUBLIC        P5
  D:00E8H         PUBLIC        P6
  D:00F8H         PUBLIC        P7
  C:0B26H         PUBLIC        SoftDelay500ms
  C:0B74H         PUBLIC        Delay5ms
  D:00A8H         PUBLIC        IE
  D:00B8H         PUBLIC        IP
  D:00D8H         PUBLIC        CCON
  D:0098H         PUBLIC        SCON
  C:0B7DH         PUBLIC        Delay10ms
  D:0088H         PUBLIC        TCON
  C:0003H         PUBLIC        Delay10us
  C:0B17H         PUBLIC        Delay200ms
  C:0B69H         PUBLIC        Delay100us
BL51 BANKED LINKER/LOCATER V6.22                                                      10/20/2018  16:21:35  PAGE 10


  C:0AA5H         PUBLIC        _Delay
  D:00D0H         PUBLIC        PSW
  -------         PROC          DELAY10US
  -------         DO            
  D:0007H         SYMBOL        i
  -------         ENDDO         
  C:0003H         LINE#         26
  C:0003H         LINE#         27
  C:0003H         LINE#         30
  C:0004H         LINE#         31
  C:0006H         LINE#         32
  C:0008H         LINE#         33
  -------         ENDPROC       DELAY10US
  -------         PROC          DELAY100US
  -------         DO            
  D:0007H         SYMBOL        i
  D:0006H         SYMBOL        j
  -------         ENDDO         
  C:0B69H         LINE#         35
  C:0B69H         LINE#         36
  C:0B69H         LINE#         39
  C:0B6AH         LINE#         40
  C:0B6BH         LINE#         41
  C:0B6DH         LINE#         42
  C:0B6FH         LINE#         44
  C:0B6FH         LINE#         45
  C:0B71H         LINE#         46
  C:0B73H         LINE#         47
  -------         ENDPROC       DELAY100US
  -------         PROC          DELAY5MS
  -------         DO            
  D:0007H         SYMBOL        i
  D:0006H         SYMBOL        j
  -------         ENDDO         
  C:0B74H         LINE#         49
  C:0B74H         LINE#         50
  C:0B74H         LINE#         53
  C:0B76H         LINE#         54
  C:0B78H         LINE#         56
  C:0B78H         LINE#         57
  C:0B7AH         LINE#         58
  C:0B7CH         LINE#         59
  -------         ENDPROC       DELAY5MS
  -------         PROC          DELAY10MS
  -------         DO            
  D:0007H         SYMBOL        i
  D:0006H         SYMBOL        j
  -------         ENDDO         
  C:0B7DH         LINE#         61
  C:0B7DH         LINE#         62
  C:0B7DH         LINE#         65
  C:0B7FH         LINE#         66
  C:0B81H         LINE#         68
  C:0B81H         LINE#         69
  C:0B83H         LINE#         70
  C:0B85H         LINE#         71
  -------         ENDPROC       DELAY10MS
BL51 BANKED LINKER/LOCATER V6.22                                                      10/20/2018  16:21:35  PAGE 11


  -------         PROC          DELAY200MS
  -------         DO            
  D:0007H         SYMBOL        i
  D:0006H         SYMBOL        j
  D:0005H         SYMBOL        k
  -------         ENDDO         
  C:0B17H         LINE#         73
  C:0B17H         LINE#         74
  C:0B17H         LINE#         77
  C:0B18H         LINE#         78
  C:0B19H         LINE#         79
  C:0B1BH         LINE#         80
  C:0B1DH         LINE#         81
  C:0B1FH         LINE#         83
  C:0B1FH         LINE#         85
  C:0B1FH         LINE#         86
  C:0B21H         LINE#         87
  C:0B23H         LINE#         88
  C:0B25H         LINE#         89
  -------         ENDPROC       DELAY200MS
  -------         PROC          SOFTDELAY500MS
  -------         DO            
  D:0007H         SYMBOL        i
  D:0006H         SYMBOL        j
  D:0005H         SYMBOL        k
  -------         ENDDO         
  C:0B26H         LINE#         91
  C:0B26H         LINE#         92
  C:0B26H         LINE#         95
  C:0B27H         LINE#         96
  C:0B28H         LINE#         97
  C:0B2AH         LINE#         98
  C:0B2CH         LINE#         99
  C:0B2EH         LINE#         101
  C:0B2EH         LINE#         103
  C:0B2EH         LINE#         104
  C:0B30H         LINE#         105
  C:0B32H         LINE#         106
  C:0B34H         LINE#         107
  -------         ENDPROC       SOFTDELAY500MS
  -------         PROC          _DELAY
  D:0006H         SYMBOL        n
  -------         DO            
  D:0004H         SYMBOL        x
  -------         ENDDO         
  C:0AA5H         LINE#         112
  C:0AA5H         LINE#         113
  C:0AA5H         LINE#         116
  C:0AAFH         LINE#         117
  C:0AAFH         LINE#         118
  C:0AB3H         LINE#         119
  C:0ABFH         LINE#         121
  -------         ENDPROC       _DELAY
  -------         ENDMOD        DELAY

  -------         MODULE        UART
  C:0000H         SYMBOL        _ICE_DUMMY_
BL51 BANKED LINKER/LOCATER V6.22                                                      10/20/2018  16:21:35  PAGE 12


  D:0080H         PUBLIC        P0
  D:0090H         PUBLIC        P1
  D:00A0H         PUBLIC        P2
  D:00B0H         PUBLIC        P3
  D:00C0H         PUBLIC        P4
  D:00C8H         PUBLIC        P5
  B:00A8H.7       PUBLIC        EA
  D:00E8H         PUBLIC        P6
  D:00F8H         PUBLIC        P7
  D:00A2H         PUBLIC        P_SW1
  D:00A8H         PUBLIC        IE
  B:00A8H.4       PUBLIC        ES
  D:00B8H         PUBLIC        IP
  B:0098H.0       PUBLIC        RI
  B:0098H.1       PUBLIC        TI
  B:00B8H.4       PUBLIC        PS
  D:00D8H         PUBLIC        CCON
  C:0A3EH         PUBLIC        _UART_SendString
  C:0ADBH         PUBLIC        _UART_SendData
  B:0021H.1       PUBLIC        UART_Txd_Pre_OK_Flag
  D:0099H         PUBLIC        SBUF
  C:0AC0H         PUBLIC        UART_Init
  D:0098H         PUBLIC        SCON
  D:0088H         PUBLIC        TCON
  D:008EH         PUBLIC        AUXR
  B:0098H.3       PUBLIC        TB8
  D:00D6H         PUBLIC        T2H
  D:00D7H         PUBLIC        T2L
  C:0B42H         PUBLIC        UART_Time1_Interruption
  D:00D0H         PUBLIC        PSW
  -------         PROC          UART_INIT
  -------         DO            
  D:0007H         SYMBOL        Buff
  -------         ENDDO         
  C:0AC0H         LINE#         37
  C:0AC0H         LINE#         38
  C:0AC0H         LINE#         40
  C:0AC2H         LINE#         41
  C:0AC5H         LINE#         42
  C:0AC7H         LINE#         57
  C:0ACAH         LINE#         62
  C:0ACDH         LINE#         63
  C:0AD0H         LINE#         64
  C:0AD3H         LINE#         65
  C:0AD6H         LINE#         66
  C:0AD8H         LINE#         67
  C:0ADAH         LINE#         68
  -------         ENDPROC       UART_INIT
  -------         PROC          _UART_SENDDATA
  D:0007H         SYMBOL        Data
  -------         DO            
  D:0006H         SYMBOL        buff
  -------         ENDDO         
  C:0ADBH         LINE#         77
  C:0ADBH         LINE#         78
  C:0ADBH         LINE#         81
  C:0ADBH         LINE#         82
BL51 BANKED LINKER/LOCATER V6.22                                                      10/20/2018  16:21:35  PAGE 13


  C:0ADBH         LINE#         83
  C:0ADEH         LINE#         84
  C:0ADEH         LINE#         85
  C:0AE0H         LINE#         86
  C:0AE2H         LINE#         87
  C:0AE2H         LINE#         88
  C:0AE6H         LINE#         89
  C:0AE6H         LINE#         91
  C:0AE8H         LINE#         95
  C:0AEAH         LINE#         97
  C:0AEAH         LINE#         99
  C:0AECH         LINE#         103
  C:0AECH         LINE#         104
  C:0AEEH         LINE#         106
  C:0AF0H         LINE#         108
  C:0AF0H         LINE#         109
  C:0AF0H         LINE#         110
  -------         ENDPROC       _UART_SENDDATA
  -------         PROC          _UART_SENDSTRING
  D:0008H         SYMBOL        Str
  C:0A3EH         LINE#         120
  C:0A44H         LINE#         121
  C:0A44H         LINE#         123
  C:0A4FH         LINE#         124
  C:0A4FH         LINE#         125
  C:0A60H         LINE#         127
  C:0A62H         LINE#         129
  -------         ENDPROC       _UART_SENDSTRING
  -------         PROC          UART_TIME1_INTERRUPTION
  C:0B42H         LINE#         140
  C:0B42H         LINE#         142
  C:0B45H         LINE#         143
  C:0B45H         LINE#         144
  C:0B47H         LINE#         145
  C:0B47H         LINE#         146
  C:0B4AH         LINE#         147
  C:0B4AH         LINE#         148
  C:0B4CH         LINE#         149
  C:0B4EH         LINE#         150
  C:0B4EH         LINE#         151
  -------         ENDPROC       UART_TIME1_INTERRUPTION
  -------         ENDMOD        UART

  -------         MODULE        TIMER
  C:0000H         SYMBOL        _ICE_DUMMY_
  D:0080H         PUBLIC        P0
  D:0090H         PUBLIC        P1
  D:00A0H         PUBLIC        P2
  D:00B0H         PUBLIC        P3
  D:00C0H         PUBLIC        P4
  D:00C8H         PUBLIC        P5
  D:00E8H         PUBLIC        P6
  D:00F8H         PUBLIC        P7
  D:00A8H         PUBLIC        IE
  D:00B8H         PUBLIC        IP
  D:00D8H         PUBLIC        CCON
  D:0098H         PUBLIC        SCON
BL51 BANKED LINKER/LOCATER V6.22                                                      10/20/2018  16:21:35  PAGE 14


  D:0089H         PUBLIC        TMOD
  D:0088H         PUBLIC        TCON
  C:0A63H         PUBLIC        Time0_Interruption
  D:008EH         PUBLIC        AUXR
  B:00A8H.1       PUBLIC        ET0
  B:0088H.5       PUBLIC        TF0
  D:008CH         PUBLIC        TH0
  D:008AH         PUBLIC        TL0
  B:0088H.4       PUBLIC        TR0
  C:0AF1H         PUBLIC        Timer0_1MS_Init
  D:00D0H         PUBLIC        PSW
  -------         PROC          TIMER0_1MS_INIT
  C:0AF1H         LINE#         9
  C:0AF1H         LINE#         10
  C:0AF1H         LINE#         11
  C:0AF4H         LINE#         12
  C:0AF7H         LINE#         13
  C:0AFAH         LINE#         14
  C:0AFDH         LINE#         15
  C:0AFFH         LINE#         16
  C:0B01H         LINE#         17
  C:0B03H         LINE#         19
  -------         ENDPROC       TIMER0_1MS_INIT
  -------         PROC          TIME0_INTERRUPTION
  -------         DO            
  D:001CH         SYMBOL        Delay_Count_Buff
  -------         ENDDO         
  C:0A63H         LINE#         28
  C:0A67H         LINE#         32
  C:0A6FH         LINE#         34
  C:0A7AH         LINE#         35
  C:0A7AH         LINE#         36
  C:0A80H         LINE#         38
  C:0A82H         LINE#         39
  C:0A82H         LINE#         40
  -------         ENDPROC       TIME0_INTERRUPTION
  -------         ENDMOD        TIMER

  -------         MODULE        SPI
  C:0000H         SYMBOL        _ICE_DUMMY_
  D:0080H         PUBLIC        P0
  D:0090H         PUBLIC        P1
  D:00A0H         PUBLIC        P2
  D:00B0H         PUBLIC        P3
  D:00C0H         PUBLIC        P4
  D:00C8H         PUBLIC        P5
  D:00E8H         PUBLIC        P6
  D:00F8H         PUBLIC        P7
  D:00CEH         PUBLIC        SPCTL
  D:00A8H         PUBLIC        IE
  D:00B8H         PUBLIC        IP
  D:00D8H         PUBLIC        CCON
  D:0098H         PUBLIC        SCON
  D:0088H         PUBLIC        TCON
  D:00AFH         PUBLIC        IE2
  B:0021H.2       PUBLIC        SPI_Busy_Flag
  D:00CDH         PUBLIC        SPSTAT
BL51 BANKED LINKER/LOCATER V6.22                                                      10/20/2018  16:21:35  PAGE 15


  C:0B4FH         PUBLIC        SPI_Init
  C:0B86H         PUBLIC        SPI_Interruption
  C:0B5CH         PUBLIC        _SPI_ReadWriteByte
  D:00D0H         PUBLIC        PSW
  D:00CFH         PUBLIC        SPDAT
  -------         PROC          SPI_INIT
  C:0B4FH         LINE#         21
  C:0B4FH         LINE#         22
  C:0B4FH         LINE#         23
  C:0B52H         LINE#         31
  C:0B55H         LINE#         45
  C:0B58H         LINE#         47
  C:0B5BH         LINE#         48
  -------         ENDPROC       SPI_INIT
  -------         PROC          _SPI_READWRITEBYTE
  D:0007H         SYMBOL        TxData
  C:0B5CH         LINE#         58
  C:0B5CH         LINE#         59
  C:0B5CH         LINE#         60
  C:0B5FH         LINE#         61
  C:0B61H         LINE#         62
  C:0B63H         LINE#         63
  C:0B66H         LINE#         65
  C:0B68H         LINE#         66
  -------         ENDPROC       _SPI_READWRITEBYTE
  -------         PROC          SPI_INTERRUPTION
  C:0B86H         LINE#         75
  C:0B86H         LINE#         77
  C:0B89H         LINE#         79
  C:0B8BH         LINE#         80
  -------         ENDPROC       SPI_INTERRUPTION
  -------         ENDMOD        SPI

  -------         MODULE        ADC
  C:0000H         SYMBOL        _ICE_DUMMY_
  D:0093H         PUBLIC        P0M1
  C:0B04H         PUBLIC        Adc_Init
  D:0080H         PUBLIC        P0
  D:0090H         PUBLIC        P1
  D:00A0H         PUBLIC        P2
  D:00B0H         PUBLIC        P3
  D:00C0H         PUBLIC        P4
  D:00C8H         PUBLIC        P5
  C:0550H         PUBLIC        Adc_Interruption
  D:00E8H         PUBLIC        P6
  D:002CH         PUBLIC        ADC_BUF
  D:00F8H         PUBLIC        P7
  B:00A8H.5       PUBLIC        EADC
  D:00A8H         PUBLIC        IE
  D:00BDH         PUBLIC        ADC_RES
  D:00B8H         PUBLIC        IP
  B:0021H.3       PUBLIC        ADC_OK_Flag
  D:00D8H         PUBLIC        CCON
  D:00BCH         PUBLIC        ADC_CONTR
  D:0098H         PUBLIC        SCON
  D:0088H         PUBLIC        TCON
  D:009DH         PUBLIC        P1ASF
BL51 BANKED LINKER/LOCATER V6.22                                                      10/20/2018  16:21:35  PAGE 16


  D:00BEH         PUBLIC        ADC_RESL
  D:0034H         PUBLIC        ADCXY_CH
  D:00D0H         PUBLIC        PSW
  D:0094H         PUBLIC        P0M0
  -------         PROC          ADC_INIT
  C:0B04H         LINE#         37
  C:0B04H         LINE#         38
  C:0B04H         LINE#         39
  C:0B07H         LINE#         40
  C:0B0AH         LINE#         43
  C:0B0DH         LINE#         46
  C:0B0FH         LINE#         47
  C:0B11H         LINE#         50
  C:0B14H         LINE#         52
  C:0B16H         LINE#         53
  -------         ENDPROC       ADC_INIT
  -------         PROC          ADC_INTERRUPTION
  C:0550H         LINE#         62
  C:0561H         LINE#         64
  C:0564H         LINE#         66
  C:0574H         LINE#         67
  C:0574H         LINE#         68
  C:058DH         LINE#         69
  C:05A6H         LINE#         70
  C:05BFH         LINE#         71
  C:05D8H         LINE#         72
  C:05DDH         LINE#         73
  C:05DDH         LINE#         85
  C:05E3H         LINE#         90
  -------         ENDPROC       ADC_INTERRUPTION
  -------         ENDMOD        ADC

  -------         MODULE        MAIN
  C:0000H         SYMBOL        _ICE_DUMMY_
  D:0092H         PUBLIC        P1M0
  D:0093H         PUBLIC        P0M1
  C:0858H         PUBLIC        System_Init
  D:0096H         PUBLIC        P2M0
  D:0091H         PUBLIC        P1M1
  D:0080H         PUBLIC        P0
  D:00B2H         PUBLIC        P3M0
  D:0095H         PUBLIC        P2M1
  D:0090H         PUBLIC        P1
  D:00B4H         PUBLIC        P4M0
  D:00B1H         PUBLIC        P3M1
  D:00A0H         PUBLIC        P2
  D:00CAH         PUBLIC        P5M0
  D:00B3H         PUBLIC        P4M1
  D:00B0H         PUBLIC        P3
  D:00CCH         PUBLIC        P6M0
  D:00C9H         PUBLIC        P5M1
  D:00C0H         PUBLIC        P4
  D:00E2H         PUBLIC        P7M0
  D:00CBH         PUBLIC        P6M1
  D:00C8H         PUBLIC        P5
  B:00A8H.7       PUBLIC        EA
  D:00E1H         PUBLIC        P7M1
BL51 BANKED LINKER/LOCATER V6.22                                                      10/20/2018  16:21:35  PAGE 17


  D:00E8H         PUBLIC        P6
  D:00F8H         PUBLIC        P7
  D:00A8H         PUBLIC        IE
  D:00B8H         PUBLIC        IP
  D:0097H         PUBLIC        CLK_DIV
  D:00D8H         PUBLIC        CCON
  C:0767H         PUBLIC        main
  D:0098H         PUBLIC        SCON
  D:0088H         PUBLIC        TCON
  B:0021H.4       PUBLIC        Delay_Time0_500ms_Flag
  B:00C8H.4       PUBLIC        LED
  X:0000H         PUBLIC        tmp_buf
  D:00D0H         PUBLIC        PSW
  D:0094H         PUBLIC        P0M0
  -------         PROC          SYSTEM_INIT
  C:0858H         LINE#         30
  C:0858H         LINE#         31
  C:0858H         LINE#         33
  C:085BH         LINE#         36
  C:085DH         LINE#         37
  C:085FH         LINE#         38
  C:0861H         LINE#         39
  C:0863H         LINE#         40
  C:0865H         LINE#         41
  C:0867H         LINE#         42
  C:0869H         LINE#         43
  C:086BH         LINE#         44
  C:086DH         LINE#         45
  C:086FH         LINE#         46
  C:0871H         LINE#         47
  C:0873H         LINE#         48
  C:0875H         LINE#         49
  C:0877H         LINE#         50
  C:0879H         LINE#         51
  C:087BH         LINE#         53
  C:087DH         LINE#         55
  C:087FH         LINE#         59
  C:0882H         LINE#         66
  C:088BH         LINE#         67
  C:0894H         LINE#         71
  C:0897H         LINE#         72
  -------         ENDPROC       SYSTEM_INIT
  -------         PROC          MAIN
  C:0767H         LINE#         87
  C:0767H         LINE#         88
  C:0767H         LINE#         89
  C:076AH         LINE#         90
  C:076DH         LINE#         91
  C:0776H         LINE#         93
  C:077EH         LINE#         94
  C:0784H         LINE#         95
  C:0784H         LINE#         96
  C:0787H         LINE#         97
  C:0790H         LINE#         98
  C:0792H         LINE#         99
  C:079BH         LINE#         101
  C:079EH         LINE#         102
BL51 BANKED LINKER/LOCATER V6.22                                                      10/20/2018  16:21:35  PAGE 18


  C:079EH         LINE#         103
  C:079EH         LINE#         105
  C:07A1H         LINE#         106
  C:07A1H         LINE#         107
  C:07A3H         LINE#         109
  C:07A6H         LINE#         111
  C:07B2H         LINE#         112
  C:07B2H         LINE#         113
  C:07B8H         LINE#         114
  C:07BBH         LINE#         115
  C:07C4H         LINE#         116
  C:07C4H         LINE#         119
  C:07C6H         LINE#         121
  C:07C6H         LINE#         122
  -------         ENDPROC       MAIN
  -------         ENDMOD        MAIN

  -------         MODULE        VERSION
  C:0000H         SYMBOL        _ICE_DUMMY_
  -------         ENDMOD        VERSION

  -------         MODULE        ?C?COPY
  C:047AH         PUBLIC        ?C?COPY
  -------         ENDMOD        ?C?COPY

  -------         MODULE        ?C?CLDPTR
  C:04A0H         PUBLIC        ?C?CLDPTR
  -------         ENDMOD        ?C?CLDPTR

  -------         MODULE        ?C?CSTOPTR
  C:04B9H         PUBLIC        ?C?CSTOPTR
  -------         ENDMOD        ?C?CSTOPTR

  -------         MODULE        PRINTF
  D:0008H         PUBLIC        ?_PRINTF517?BYTE
  D:0008H         PUBLIC        ?_PRINTF?BYTE
  D:0008H         PUBLIC        ?_SPRINTF517?BYTE
  D:0008H         PUBLIC        ?_SPRINTF?BYTE
  C:00B0H         PUBLIC        _PRINTF
  C:00B0H         PUBLIC        _PRINTF517
  C:00AAH         PUBLIC        _SPRINTF
  C:00AAH         PUBLIC        _SPRINTF517
  -------         ENDMOD        PRINTF

  -------         MODULE        ?C?CLDOPTR
  C:04DBH         PUBLIC        ?C?CLDOPTR
  -------         ENDMOD        ?C?CLDOPTR

  -------         MODULE        ?C?CSTPTR
  C:0508H         PUBLIC        ?C?CSTPTR
  -------         ENDMOD        ?C?CSTPTR

  -------         MODULE        ?C?PLDIIDATA
  C:051AH         PUBLIC        ?C?PLDIIDATA
  -------         ENDMOD        ?C?PLDIIDATA

  -------         MODULE        ?C?CCASE
BL51 BANKED LINKER/LOCATER V6.22                                                      10/20/2018  16:21:35  PAGE 19


  C:052AH         PUBLIC        ?C?CCASE
  -------         ENDMOD        ?C?CCASE

  -------         MODULE        PUTCHAR
  C:0A17H         PUBLIC        _PUTCHAR
  -------         ENDMOD        PUTCHAR

*** WARNING L16: UNCALLED SEGMENT, IGNORED FOR OVERLAY PROCESS
    SEGMENT: ?PR?_NRF24L01_TXPACKET?NRF24L01

*** WARNING L16: UNCALLED SEGMENT, IGNORED FOR OVERLAY PROCESS
    SEGMENT: ?PR?NRF24L01_TX_MODE?NRF24L01

*** WARNING L16: UNCALLED SEGMENT, IGNORED FOR OVERLAY PROCESS
    SEGMENT: ?PR?DELAY10US?DELAY

*** WARNING L16: UNCALLED SEGMENT, IGNORED FOR OVERLAY PROCESS
    SEGMENT: ?PR?DELAY100US?DELAY

*** WARNING L16: UNCALLED SEGMENT, IGNORED FOR OVERLAY PROCESS
    SEGMENT: ?PR?DELAY5MS?DELAY

*** WARNING L16: UNCALLED SEGMENT, IGNORED FOR OVERLAY PROCESS
    SEGMENT: ?PR?DELAY10MS?DELAY

*** WARNING L16: UNCALLED SEGMENT, IGNORED FOR OVERLAY PROCESS
    SEGMENT: ?PR?SOFTDELAY500MS?DELAY

*** WARNING L16: UNCALLED SEGMENT, IGNORED FOR OVERLAY PROCESS
    SEGMENT: ?PR?_DELAY?DELAY

*** WARNING L16: UNCALLED SEGMENT, IGNORED FOR OVERLAY PROCESS
    SEGMENT: ?PR?ADC_INIT?ADC

Program Size: data=60.5 xdata=53 code=2950
LINK/LOCATE RUN COMPLETE.  9 WARNING(S),  0 ERROR(S)
