BL51 BANKED LINKER/LOCATER V6.22                                                        12/31/2018  10:30:02  PAGE 1


BL51 BANKED LINKER/LOCATER V6.22, INVOKED BY:
D:\PROGRAM FILES (X86)\KEIL_V5\C51\BIN\BL51.EXE ..\OBJ\NRF24L01.obj, ..\OBJ\Rocker.obj, ..\OBJ\STARTUP.obj, ..\OBJ\delay
>> .obj, ..\OBJ\uart.obj, ..\OBJ\timer.obj, ..\OBJ\spi.obj, ..\OBJ\adc.obj, ..\OBJ\MAIN.obj, ..\OBJ\Version.obj TO ..\OB
>> J\TEST_NRF_RX_MODE PRINT (.\Listings\TEST_NRF_RX_MODE.m51) RAMSIZE (256)


MEMORY MODEL: SMALL


INPUT MODULES INCLUDED:
  ..\OBJ\NRF24L01.obj (NRF24L01)
  ..\OBJ\Rocker.obj (ROCKER)
  ..\OBJ\STARTUP.obj (?C_STARTUP)
  ..\OBJ\delay.obj (DELAY)
  ..\OBJ\uart.obj (UART)
  ..\OBJ\timer.obj (TIMER)
  ..\OBJ\spi.obj (SPI)
  ..\OBJ\adc.obj (ADC)
  ..\OBJ\MAIN.obj (MAIN)
  ..\OBJ\Version.obj (VERSION)
  D:\PROGRAM FILES (X86)\KEIL_V5\C51\LIB\C51S.LIB (?C_INIT)
  D:\PROGRAM FILES (X86)\KEIL_V5\C51\LIB\C51S.LIB (?C?COPY)
  D:\PROGRAM FILES (X86)\KEIL_V5\C51\LIB\C51S.LIB (?C?CLDPTR)
  D:\PROGRAM FILES (X86)\KEIL_V5\C51\LIB\C51S.LIB (?C?CSTOPTR)


LINK MAP OF MODULE:  ..\OBJ\TEST_NRF_RX_MODE (NRF24L01)


            TYPE    BASE      LENGTH    RELOCATION   SEGMENT NAME
            -----------------------------------------------------

            * * * * * * *   D A T A   M E M O R Y   * * * * * * *
            REG     0000H     0008H     ABSOLUTE     "REG BANK 0"
            DATA    0008H     000CH     UNIT         _DATA_GROUP_
            DATA    0014H     000AH     UNIT         ?DT?NRF24L01
            DATA    001EH     0002H     UNIT         ?DT?TIMER
            BIT     0020H.0   0000H.1   UNIT         ?BI?UART
            BIT     0020H.1   0000H.1   UNIT         ?BI?SPI
            BIT     0020H.2   0000H.1   UNIT         ?BI?ADC
            BIT     0020H.3   0000H.1   UNIT         ?BI?MAIN
                    0020H.4   0000H.4                *** GAP ***
            DATA    0021H     0009H     UNIT         ?DT?ADC
            DATA    002AH     0008H     UNIT         ?DT?ROCKER
            DATA    0032H     0001H     UNIT         ?DT?_NRF24L01_TXPACKET?NRF24L01
            IDATA   0033H     0001H     UNIT         ?STACK

            * * * * * * *  X D A T A   M E M O R Y  * * * * * * *
            XDATA   0000H     0020H     UNIT         ?XD?MAIN

            * * * * * * *   C O D E   M E M O R Y   * * * * * * *
            CODE    0000H     0003H     ABSOLUTE     
            CODE    0003H     0007H     UNIT         ?PR?_UART_SENDSTRING?UART
            CODE    000AH     0001H     UNIT         ?PR?ADC_UART_TEST?ROCKER
            CODE    000BH     0003H     ABSOLUTE     
            CODE    000EH     0013H     UNIT         ?PR?_NRF24L01_WRITE_REG?NRF24L01
                    0021H     0002H                  *** GAP ***
            CODE    0023H     0003H     ABSOLUTE     
BL51 BANKED LINKER/LOCATER V6.22                                                      12/31/2018  10:30:02  PAGE 2


            CODE    0026H     0005H     UNIT         ?CO?NRF24L01
            CODE    002BH     0003H     ABSOLUTE     
            CODE    002EH     001BH     UNIT         ?PR?_DELAY?DELAY
                    0049H     0002H                  *** GAP ***
            CODE    004BH     0003H     ABSOLUTE     
            CODE    004EH     0131H     UNIT         ?C?LIB_CODE
            CODE    017FH     008CH     UNIT         ?C_C51STARTUP
            CODE    020BH     0068H     UNIT         ?PR?ADC_INTERRUPTION?ADC
            CODE    0273H     0065H     UNIT         ?CO?MAIN
            CODE    02D8H     005CH     UNIT         ?PR?MAIN?MAIN
            CODE    0334H     0048H     UNIT         ?PR?NRF24L01_CHECK?NRF24L01
            CODE    037CH     0040H     UNIT         ?PR?_NRF24L01_WRITE_BUF?NRF24L01
            CODE    03BCH     0040H     UNIT         ?PR?NRF24L01_TX_MODE?NRF24L01
            CODE    03FCH     003FH     UNIT         ?PR?SYSTEM_INIT?MAIN
            CODE    043BH     0037H     UNIT         ?PR?_NRF24L01_TXPACKET?NRF24L01
            CODE    0472H     0035H     UNIT         ?PR?_NRF24L01_READ_BUF?NRF24L01
            CODE    04A7H     0034H     UNIT         ?PR?_NRF24L01_RXPACKET?NRF24L01
            CODE    04DBH     0032H     UNIT         ?PR?NRF24L01_RX_MODE?NRF24L01
            CODE    050DH     002BH     UNIT         ?PR?NRF24L01_INIT?NRF24L01
            CODE    0538H     0024H     UNIT         ?PR?TIME0_INTERRUPTION?TIMER
            CODE    055CH     001EH     UNIT         ?C_INITSEG
            CODE    057AH     001BH     UNIT         ?PR?UART_INIT?UART
            CODE    0595H     0016H     UNIT         ?PR?_UART_SENDDATA?UART
            CODE    05ABH     0013H     UNIT         ?PR?TIMER0_1MS_INIT?TIMER
            CODE    05BEH     0013H     UNIT         ?PR?ADC_INIT?ADC
            CODE    05D1H     000FH     UNIT         ?PR?DELAY200MS?DELAY
            CODE    05E0H     000FH     UNIT         ?PR?SOFTDELAY500MS?DELAY
            CODE    05EFH     000DH     UNIT         ?PR?_NRF24L01_READ_REG?NRF24L01
            CODE    05FCH     000DH     UNIT         ?PR?GET_ROCKER?ROCKER
            CODE    0609H     000DH     UNIT         ?PR?UART_TIME1_INTERRUPTION?UART
            CODE    0616H     000DH     UNIT         ?PR?SPI_INIT?SPI
            CODE    0623H     000DH     UNIT         ?PR?_SPI_READWRITEBYTE?SPI
            CODE    0630H     000BH     UNIT         ?PR?DELAY100US?DELAY
            CODE    063BH     0009H     UNIT         ?PR?DELAY5MS?DELAY
            CODE    0644H     0009H     UNIT         ?PR?DELAY10MS?DELAY
            CODE    064DH     0006H     UNIT         ?PR?DELAY10US?DELAY
            CODE    0653H     0006H     UNIT         ?PR?SPI_INTERRUPTION?SPI



OVERLAY MAP OF MODULE:   ..\OBJ\TEST_NRF_RX_MODE (NRF24L01)


SEGMENT                                    DATA_GROUP 
  +--> CALLED SEGMENT                    START    LENGTH
--------------------------------------------------------
?C_C51STARTUP                            -----    -----
  +--> ?PR?MAIN?MAIN
  +--> ?C_INITSEG

?PR?MAIN?MAIN                            -----    -----
  +--> ?PR?SYSTEM_INIT?MAIN
  +--> ?CO?MAIN
  +--> ?PR?_UART_SENDSTRING?UART
  +--> ?PR?NRF24L01_CHECK?NRF24L01
  +--> ?PR?DELAY200MS?DELAY
  +--> ?PR?NRF24L01_RX_MODE?NRF24L01
BL51 BANKED LINKER/LOCATER V6.22                                                      12/31/2018  10:30:02  PAGE 3


  +--> ?PR?_NRF24L01_RXPACKET?NRF24L01

?PR?SYSTEM_INIT?MAIN                     -----    -----
  +--> ?CO?MAIN
  +--> ?PR?_UART_SENDSTRING?UART
  +--> ?PR?TIMER0_1MS_INIT?TIMER
  +--> ?PR?NRF24L01_INIT?NRF24L01

?PR?_UART_SENDSTRING?UART                0008H    0003H

?PR?NRF24L01_INIT?NRF24L01               -----    -----
  +--> ?PR?SPI_INIT?SPI

?PR?NRF24L01_CHECK?NRF24L01              0008H    0005H
  +--> ?CO?NRF24L01
  +--> ?PR?_NRF24L01_WRITE_BUF?NRF24L01
  +--> ?PR?_NRF24L01_READ_BUF?NRF24L01

?PR?_NRF24L01_WRITE_BUF?NRF24L01         000DH    0007H
  +--> ?PR?_SPI_READWRITEBYTE?SPI

?PR?_NRF24L01_READ_BUF?NRF24L01          000DH    0007H
  +--> ?PR?_SPI_READWRITEBYTE?SPI

?PR?NRF24L01_RX_MODE?NRF24L01            -----    -----
  +--> ?PR?_NRF24L01_WRITE_BUF?NRF24L01
  +--> ?PR?_NRF24L01_WRITE_REG?NRF24L01

?PR?_NRF24L01_WRITE_REG?NRF24L01         000CH    0002H
  +--> ?PR?_SPI_READWRITEBYTE?SPI

?PR?_NRF24L01_RXPACKET?NRF24L01          0008H    0004H
  +--> ?PR?_NRF24L01_READ_REG?NRF24L01
  +--> ?PR?_NRF24L01_WRITE_REG?NRF24L01
  +--> ?PR?_NRF24L01_READ_BUF?NRF24L01

?PR?_NRF24L01_READ_REG?NRF24L01          -----    -----
  +--> ?PR?_SPI_READWRITEBYTE?SPI



SYMBOL TABLE OF MODULE:  ..\OBJ\TEST_NRF_RX_MODE (NRF24L01)

  VALUE           TYPE          NAME
  ----------------------------------

  -------         MODULE        NRF24L01
  C:0000H         SYMBOL        _ICE_DUMMY_
  D:0096H         PUBLIC        P2M0
  D:0080H         PUBLIC        P0
  D:00B2H         PUBLIC        P3M0
  D:0095H         PUBLIC        P2M1
  D:0090H         PUBLIC        P1
  D:00B1H         PUBLIC        P3M1
  D:00A0H         PUBLIC        P2
  D:00CAH         PUBLIC        P5M0
  D:00B0H         PUBLIC        P3
BL51 BANKED LINKER/LOCATER V6.22                                                      12/31/2018  10:30:02  PAGE 4


  C:04A7H         PUBLIC        _NRF24L01_RxPacket
  D:00C9H         PUBLIC        P5M1
  D:00C0H         PUBLIC        P4
  D:00C8H         PUBLIC        P5
  C:043BH         PUBLIC        _NRF24L01_TxPacket
  D:00E8H         PUBLIC        P6
  D:00F8H         PUBLIC        P7
  D:00A8H         PUBLIC        IE
  B:0090H.2       PUBLIC        NRF24L01_SPI_CSN
  D:0014H         PUBLIC        RX_ADDRESS
  D:0019H         PUBLIC        TX_ADDRESS
  D:00B8H         PUBLIC        IP
  D:00D8H         PUBLIC        CCON
  D:0098H         PUBLIC        SCON
  D:0088H         PUBLIC        TCON
  C:0334H         PUBLIC        NRF24L01_Check
  C:0026H         SYMBOL        _?ix1000
  B:00B0H.2       PUBLIC        NRF24L01_IRQ
  B:0090H.5       PUBLIC        NRF24L01_SPI_SCLK
  C:0472H         PUBLIC        _NRF24L01_Read_Buf
  C:05EFH         PUBLIC        _NRF24L01_Read_Reg
  B:0090H.4       PUBLIC        NRF24L01_SPI_MISO
  B:0090H.3       PUBLIC        NRF24L01_SPI_MOSI
  B:00C8H.5       PUBLIC        NRF24L01_CE
  C:0387H         PUBLIC        _NRF24L01_Write_Buf
  C:000EH         PUBLIC        _NRF24L01_Write_Reg
  C:04DBH         PUBLIC        NRF24L01_RX_Mode
  C:03BCH         PUBLIC        NRF24L01_TX_Mode
  C:050DH         PUBLIC        NRF24L01_Init
  D:00D0H         PUBLIC        PSW
  -------         PROC          NRF24L01_INIT
  C:050DH         LINE#         20
  C:050DH         LINE#         21
  C:050DH         LINE#         28
  C:0510H         LINE#         29
  C:0513H         LINE#         30
  C:0516H         LINE#         31
  C:0516H         LINE#         32
  C:0518H         LINE#         33
  C:051AH         LINE#         34
  C:051CH         LINE#         35
  C:051EH         LINE#         38
  C:051EH         LINE#         39
  C:0521H         LINE#         40
  C:0524H         LINE#         41
  C:0524H         LINE#         42
  C:0526H         LINE#         45
  C:0529H         LINE#         46
  C:0529H         LINE#         47
  C:052CH         LINE#         48
  C:052CH         LINE#         49
  C:052EH         LINE#         52
  C:0531H         LINE#         54
  C:0533H         LINE#         55
  C:0535H         LINE#         56
  C:0537H         LINE#         57
  -------         ENDPROC       NRF24L01_INIT
BL51 BANKED LINKER/LOCATER V6.22                                                      12/31/2018  10:30:02  PAGE 5


  -------         PROC          NRF24L01_CHECK
  -------         DO            
  D:0008H         SYMBOL        buf
  D:0007H         SYMBOL        i
  -------         ENDDO         
  C:0334H         LINE#         66
  C:0334H         LINE#         67
  C:0334H         LINE#         68
  C:0347H         LINE#         71
  C:0355H         LINE#         72
  C:0363H         LINE#         73
  C:0365H         LINE#         74
  C:0371H         LINE#         76
  C:0379H         LINE#         77
  C:037BH         LINE#         78
  -------         ENDPROC       NRF24L01_CHECK
  -------         PROC          _NRF24L01_WRITE_REG
  D:0007H         SYMBOL        Reg
  D:000CH         SYMBOL        Data
  -------         DO            
  D:000DH         SYMBOL        status
  -------         ENDDO         
  C:000EH         LINE#         88
  C:0010H         LINE#         89
  C:0010H         LINE#         92
  C:0012H         LINE#         93
  C:0017H         LINE#         94
  C:001CH         LINE#         95
  C:001EH         LINE#         97
  C:0020H         LINE#         98
  -------         ENDPROC       _NRF24L01_WRITE_REG
  -------         PROC          _NRF24L01_READ_REG
  D:0007H         SYMBOL        Reg
  -------         DO            
  D:0007H         SYMBOL        Reg_Data
  -------         ENDDO         
  C:05EFH         LINE#         107
  C:05EFH         LINE#         108
  C:05EFH         LINE#         111
  C:05F1H         LINE#         112
  C:05F4H         LINE#         113
  C:05F9H         LINE#         114
  C:05FBH         LINE#         116
  C:05FBH         LINE#         117
  -------         ENDPROC       _NRF24L01_READ_REG
  -------         PROC          _NRF24L01_READ_BUF
  D:0007H         SYMBOL        Reg
  D:000EH         SYMBOL        p_Buf
  D:0011H         SYMBOL        Len
  -------         DO            
  D:0012H         SYMBOL        status
  D:0013H         SYMBOL        u8_ctr
  -------         ENDDO         
  C:0472H         LINE#         128
  C:0478H         LINE#         129
  C:0478H         LINE#         132
  C:047AH         LINE#         133
BL51 BANKED LINKER/LOCATER V6.22                                                      12/31/2018  10:30:02  PAGE 6


  C:047FH         LINE#         134
  C:0489H         LINE#         135
  C:04A2H         LINE#         136
  C:04A4H         LINE#         138
  C:04A6H         LINE#         139
  -------         ENDPROC       _NRF24L01_READ_BUF
  -------         PROC          L?0028
  -------         ENDPROC       L?0028
  -------         PROC          _NRF24L01_WRITE_BUF
  D:0007H         SYMBOL        Reg
  D:000EH         SYMBOL        p_Buf
  D:0011H         SYMBOL        Len
  -------         DO            
  D:0012H         SYMBOL        status
  D:0013H         SYMBOL        u8_ctr
  -------         ENDDO         
  C:0387H         LINE#         150
  C:038DH         LINE#         151
  C:038DH         LINE#         154
  C:038FH         LINE#         155
  C:0394H         LINE#         156
  C:039EH         LINE#         157
  C:03B7H         LINE#         158
  C:03B9H         LINE#         160
  C:03BBH         LINE#         161
  -------         ENDPROC       _NRF24L01_WRITE_BUF
  -------         PROC          _NRF24L01_TXPACKET
  D:0001H         SYMBOL        TxBuf
  -------         DO            
  D:0032H         SYMBOL        sta
  -------         ENDDO         
  C:043BH         LINE#         170
  C:043BH         LINE#         171
  C:043BH         LINE#         174
  C:043DH         LINE#         175
  C:0445H         LINE#         176
  C:0447H         LINE#         177
  C:044AH         LINE#         178
  C:0451H         LINE#         179
  C:0458H         LINE#         181
  C:045DH         LINE#         182
  C:045DH         LINE#         183
  C:0464H         LINE#         184
  C:0467H         LINE#         185
  C:0467H         LINE#         186
  C:046CH         LINE#         187
  C:046CH         LINE#         188
  C:046FH         LINE#         189
  C:046FH         LINE#         190
  C:0471H         LINE#         191
  -------         ENDPROC       _NRF24L01_TXPACKET
  -------         PROC          _NRF24L01_RXPACKET
  D:0008H         SYMBOL        RxBuf
  -------         DO            
  D:000BH         SYMBOL        sta
  -------         ENDDO         
  C:04A7H         LINE#         200
BL51 BANKED LINKER/LOCATER V6.22                                                      12/31/2018  10:30:02  PAGE 7


  C:04ADH         LINE#         201
  C:04ADH         LINE#         204
  C:04B4H         LINE#         205
  C:04BBH         LINE#         206
  C:04C0H         LINE#         207
  C:04C0H         LINE#         208
  C:04CEH         LINE#         209
  C:04D5H         LINE#         210
  C:04D8H         LINE#         211
  C:04D8H         LINE#         212
  C:04DAH         LINE#         213
  -------         ENDPROC       _NRF24L01_RXPACKET
  -------         PROC          NRF24L01_RX_MODE
  C:04DBH         LINE#         223
  C:04DBH         LINE#         224
  C:04DBH         LINE#         225
  C:04DDH         LINE#         227
  C:04E0H         LINE#         229
  C:04E7H         LINE#         230
  C:04EEH         LINE#         231
  C:04F5H         LINE#         232
  C:04FCH         LINE#         233
  C:0503H         LINE#         234
  C:050AH         LINE#         236
  C:050CH         LINE#         237
  -------         ENDPROC       NRF24L01_RX_MODE
  -------         PROC          NRF24L01_TX_MODE
  C:03BCH         LINE#         246
  C:03BCH         LINE#         247
  C:03BCH         LINE#         248
  C:03BEH         LINE#         250
  C:03CCH         LINE#         252
  C:03CFH         LINE#         254
  C:03D6H         LINE#         255
  C:03DDH         LINE#         256
  C:03E4H         LINE#         257
  C:03EBH         LINE#         258
  C:03F2H         LINE#         259
  C:03F9H         LINE#         260
  C:03FBH         LINE#         261
  -------         ENDPROC       NRF24L01_TX_MODE
  -------         ENDMOD        NRF24L01

  -------         MODULE        ROCKER
  C:0000H         SYMBOL        _ICE_DUMMY_
  D:0080H         PUBLIC        P0
  D:0090H         PUBLIC        P1
  D:00A0H         PUBLIC        P2
  D:00B0H         PUBLIC        P3
  D:00C0H         PUBLIC        P4
  D:00C8H         PUBLIC        P5
  D:00E8H         PUBLIC        P6
  D:00F8H         PUBLIC        P7
  C:000AH         PUBLIC        ADC_UART_TEST
  D:00A8H         PUBLIC        IE
  D:002AH         PUBLIC        Rocker_L
  D:00B8H         PUBLIC        IP
BL51 BANKED LINKER/LOCATER V6.22                                                      12/31/2018  10:30:02  PAGE 8


  D:002EH         PUBLIC        Rocker_R
  D:00D8H         PUBLIC        CCON
  D:0098H         PUBLIC        SCON
  D:0088H         PUBLIC        TCON
  C:05FCH         PUBLIC        Get_Rocker
  D:00D0H         PUBLIC        PSW
  -------         PROC          ADC_UART_TEST
  C:000AH         LINE#         23
  C:000AH         LINE#         24
  C:000AH         LINE#         37
  -------         ENDPROC       ADC_UART_TEST
  -------         PROC          GET_ROCKER
  C:05FCH         LINE#         40
  C:05FCH         LINE#         41
  C:05FCH         LINE#         42
  C:0602H         LINE#         43
  C:0608H         LINE#         49
  -------         ENDPROC       GET_ROCKER
  -------         ENDMOD        ROCKER

  -------         MODULE        ?C_STARTUP
  C:017FH         SEGMENT       ?C_C51STARTUP
  I:0033H         SEGMENT       ?STACK
  C:0000H         PUBLIC        ?C_STARTUP
  D:00E0H         SYMBOL        ACC
  D:00F0H         SYMBOL        B
  D:0083H         SYMBOL        DPH
  D:0082H         SYMBOL        DPL
  N:0000H         SYMBOL        IBPSTACK
  N:0100H         SYMBOL        IBPSTACKTOP
  N:0080H         SYMBOL        IDATALEN
  C:0182H         SYMBOL        IDATALOOP
  N:0000H         SYMBOL        PBPSTACK
  N:0100H         SYMBOL        PBPSTACKTOP
  N:0000H         SYMBOL        PDATALEN
  N:0000H         SYMBOL        PDATASTART
  N:0000H         SYMBOL        PPAGE
  N:0000H         SYMBOL        PPAGEENABLE
  D:00A0H         SYMBOL        PPAGE_SFR
  D:0081H         SYMBOL        SP
  C:017FH         SYMBOL        STARTUP1
  N:0000H         SYMBOL        XBPSTACK
  N:0000H         SYMBOL        XBPSTACKTOP
  N:0000H         SYMBOL        XDATALEN
  N:0000H         SYMBOL        XDATASTART
  C:0000H         LINE#         126
  C:017FH         LINE#         133
  C:0181H         LINE#         134
  C:0182H         LINE#         135
  C:0183H         LINE#         136
  C:0185H         LINE#         185
  C:0188H         LINE#         196
  -------         ENDMOD        ?C_STARTUP

  -------         MODULE        DELAY
  C:0000H         SYMBOL        _ICE_DUMMY_
  D:0080H         PUBLIC        P0
BL51 BANKED LINKER/LOCATER V6.22                                                      12/31/2018  10:30:02  PAGE 9


  D:0090H         PUBLIC        P1
  D:00A0H         PUBLIC        P2
  D:00B0H         PUBLIC        P3
  D:00C0H         PUBLIC        P4
  D:00C8H         PUBLIC        P5
  D:00E8H         PUBLIC        P6
  D:00F8H         PUBLIC        P7
  C:05E0H         PUBLIC        SoftDelay500ms
  C:063BH         PUBLIC        Delay5ms
  D:00A8H         PUBLIC        IE
  D:00B8H         PUBLIC        IP
  D:00D8H         PUBLIC        CCON
  D:0098H         PUBLIC        SCON
  C:0644H         PUBLIC        Delay10ms
  D:0088H         PUBLIC        TCON
  C:064DH         PUBLIC        Delay10us
  C:05D1H         PUBLIC        Delay200ms
  C:0630H         PUBLIC        Delay100us
  C:002EH         PUBLIC        _Delay
  D:00D0H         PUBLIC        PSW
  -------         PROC          DELAY10US
  -------         DO            
  D:0007H         SYMBOL        i
  -------         ENDDO         
  C:064DH         LINE#         26
  C:064DH         LINE#         27
  C:064DH         LINE#         30
  C:064EH         LINE#         31
  C:0650H         LINE#         32
  C:0652H         LINE#         33
  -------         ENDPROC       DELAY10US
  -------         PROC          DELAY100US
  -------         DO            
  D:0007H         SYMBOL        i
  D:0006H         SYMBOL        j
  -------         ENDDO         
  C:0630H         LINE#         35
  C:0630H         LINE#         36
  C:0630H         LINE#         39
  C:0631H         LINE#         40
  C:0632H         LINE#         41
  C:0634H         LINE#         42
  C:0636H         LINE#         44
  C:0636H         LINE#         45
  C:0638H         LINE#         46
  C:063AH         LINE#         47
  -------         ENDPROC       DELAY100US
  -------         PROC          DELAY5MS
  -------         DO            
  D:0007H         SYMBOL        i
  D:0006H         SYMBOL        j
  -------         ENDDO         
  C:063BH         LINE#         49
  C:063BH         LINE#         50
  C:063BH         LINE#         53
  C:063DH         LINE#         54
  C:063FH         LINE#         56
BL51 BANKED LINKER/LOCATER V6.22                                                      12/31/2018  10:30:02  PAGE 10


  C:063FH         LINE#         57
  C:0641H         LINE#         58
  C:0643H         LINE#         59
  -------         ENDPROC       DELAY5MS
  -------         PROC          DELAY10MS
  -------         DO            
  D:0007H         SYMBOL        i
  D:0006H         SYMBOL        j
  -------         ENDDO         
  C:0644H         LINE#         61
  C:0644H         LINE#         62
  C:0644H         LINE#         65
  C:0646H         LINE#         66
  C:0648H         LINE#         68
  C:0648H         LINE#         69
  C:064AH         LINE#         70
  C:064CH         LINE#         71
  -------         ENDPROC       DELAY10MS
  -------         PROC          DELAY200MS
  -------         DO            
  D:0007H         SYMBOL        i
  D:0006H         SYMBOL        j
  D:0005H         SYMBOL        k
  -------         ENDDO         
  C:05D1H         LINE#         73
  C:05D1H         LINE#         74
  C:05D1H         LINE#         77
  C:05D2H         LINE#         78
  C:05D3H         LINE#         79
  C:05D5H         LINE#         80
  C:05D7H         LINE#         81
  C:05D9H         LINE#         83
  C:05D9H         LINE#         85
  C:05D9H         LINE#         86
  C:05DBH         LINE#         87
  C:05DDH         LINE#         88
  C:05DFH         LINE#         89
  -------         ENDPROC       DELAY200MS
  -------         PROC          SOFTDELAY500MS
  -------         DO            
  D:0007H         SYMBOL        i
  D:0006H         SYMBOL        j
  D:0005H         SYMBOL        k
  -------         ENDDO         
  C:05E0H         LINE#         91
  C:05E0H         LINE#         92
  C:05E0H         LINE#         95
  C:05E1H         LINE#         96
  C:05E2H         LINE#         97
  C:05E4H         LINE#         98
  C:05E6H         LINE#         99
  C:05E8H         LINE#         101
  C:05E8H         LINE#         103
  C:05E8H         LINE#         104
  C:05EAH         LINE#         105
  C:05ECH         LINE#         106
  C:05EEH         LINE#         107
BL51 BANKED LINKER/LOCATER V6.22                                                      12/31/2018  10:30:02  PAGE 11


  -------         ENDPROC       SOFTDELAY500MS
  -------         PROC          _DELAY
  D:0006H         SYMBOL        n
  -------         DO            
  D:0004H         SYMBOL        x
  -------         ENDDO         
  C:002EH         LINE#         112
  C:002EH         LINE#         113
  C:002EH         LINE#         116
  C:0038H         LINE#         117
  C:0038H         LINE#         118
  C:003CH         LINE#         119
  C:0048H         LINE#         121
  -------         ENDPROC       _DELAY
  -------         ENDMOD        DELAY

  -------         MODULE        UART
  C:0000H         SYMBOL        _ICE_DUMMY_
  D:0080H         PUBLIC        P0
  D:0090H         PUBLIC        P1
  D:00A0H         PUBLIC        P2
  D:00B0H         PUBLIC        P3
  D:00C0H         PUBLIC        P4
  D:00C8H         PUBLIC        P5
  B:00A8H.7       PUBLIC        EA
  D:00E8H         PUBLIC        P6
  D:00F8H         PUBLIC        P7
  D:00A2H         PUBLIC        P_SW1
  D:00A8H         PUBLIC        IE
  B:00A8H.4       PUBLIC        ES
  D:00B8H         PUBLIC        IP
  B:0098H.0       PUBLIC        RI
  B:0098H.1       PUBLIC        TI
  B:00B8H.4       PUBLIC        PS
  D:00D8H         PUBLIC        CCON
  C:0003H         PUBLIC        _UART_SendString
  C:0595H         PUBLIC        _UART_SendData
  B:0020H.0       PUBLIC        UART_Txd_Pre_OK_Flag
  D:0099H         PUBLIC        SBUF
  C:057AH         PUBLIC        UART_Init
  D:0098H         PUBLIC        SCON
  D:0088H         PUBLIC        TCON
  D:008EH         PUBLIC        AUXR
  B:0098H.3       PUBLIC        TB8
  D:00D6H         PUBLIC        T2H
  D:00D7H         PUBLIC        T2L
  C:0609H         PUBLIC        UART_Time1_Interruption
  D:00D0H         PUBLIC        PSW
  -------         PROC          UART_INIT
  -------         DO            
  D:0007H         SYMBOL        Buff
  -------         ENDDO         
  C:057AH         LINE#         37
  C:057AH         LINE#         38
  C:057AH         LINE#         41
  C:057CH         LINE#         42
  C:057FH         LINE#         43
BL51 BANKED LINKER/LOCATER V6.22                                                      12/31/2018  10:30:02  PAGE 12


  C:0581H         LINE#         59
  C:0584H         LINE#         64
  C:0587H         LINE#         65
  C:058AH         LINE#         66
  C:058DH         LINE#         67
  C:0590H         LINE#         68
  C:0592H         LINE#         69
  C:0594H         LINE#         70
  -------         ENDPROC       UART_INIT
  -------         PROC          _UART_SENDDATA
  D:0007H         SYMBOL        Data
  -------         DO            
  D:0006H         SYMBOL        buff
  -------         ENDDO         
  C:0595H         LINE#         79
  C:0595H         LINE#         80
  C:0595H         LINE#         83
  C:0595H         LINE#         84
  C:0595H         LINE#         85
  C:0598H         LINE#         86
  C:0598H         LINE#         87
  C:059AH         LINE#         88
  C:059CH         LINE#         89
  C:059CH         LINE#         90
  C:05A0H         LINE#         91
  C:05A0H         LINE#         93
  C:05A2H         LINE#         97
  C:05A4H         LINE#         99
  C:05A4H         LINE#         101
  C:05A6H         LINE#         105
  C:05A6H         LINE#         106
  C:05A8H         LINE#         108
  C:05AAH         LINE#         110
  C:05AAH         LINE#         111
  C:05AAH         LINE#         112
  -------         ENDPROC       _UART_SENDDATA
  -------         PROC          _UART_SENDSTRING
  D:0008H         SYMBOL        Str
  C:0003H         LINE#         122
  C:0009H         LINE#         123
  C:0009H         LINE#         130
  -------         ENDPROC       _UART_SENDSTRING
  -------         PROC          UART_TIME1_INTERRUPTION
  C:0609H         LINE#         141
  C:0609H         LINE#         143
  C:060CH         LINE#         144
  C:060CH         LINE#         145
  C:060EH         LINE#         146
  C:060EH         LINE#         147
  C:0611H         LINE#         148
  C:0611H         LINE#         149
  C:0613H         LINE#         150
  C:0615H         LINE#         151
  C:0615H         LINE#         152
  -------         ENDPROC       UART_TIME1_INTERRUPTION
  -------         ENDMOD        UART

BL51 BANKED LINKER/LOCATER V6.22                                                      12/31/2018  10:30:02  PAGE 13


  -------         MODULE        TIMER
  C:0000H         SYMBOL        _ICE_DUMMY_
  D:0080H         PUBLIC        P0
  D:0090H         PUBLIC        P1
  D:00A0H         PUBLIC        P2
  D:00B0H         PUBLIC        P3
  D:00C0H         PUBLIC        P4
  D:00C8H         PUBLIC        P5
  D:00E8H         PUBLIC        P6
  D:00F8H         PUBLIC        P7
  D:00A8H         PUBLIC        IE
  D:00B8H         PUBLIC        IP
  D:00D8H         PUBLIC        CCON
  D:0098H         PUBLIC        SCON
  D:0089H         PUBLIC        TMOD
  D:0088H         PUBLIC        TCON
  C:0538H         PUBLIC        Time0_Interruption
  D:008EH         PUBLIC        AUXR
  B:00A8H.1       PUBLIC        ET0
  B:0088H.5       PUBLIC        TF0
  D:008CH         PUBLIC        TH0
  D:008AH         PUBLIC        TL0
  B:0088H.4       PUBLIC        TR0
  C:05ABH         PUBLIC        Timer0_1MS_Init
  D:00D0H         PUBLIC        PSW
  -------         PROC          TIMER0_1MS_INIT
  C:05ABH         LINE#         9
  C:05ABH         LINE#         10
  C:05ABH         LINE#         11
  C:05AEH         LINE#         12
  C:05B1H         LINE#         13
  C:05B4H         LINE#         14
  C:05B7H         LINE#         15
  C:05B9H         LINE#         16
  C:05BBH         LINE#         17
  C:05BDH         LINE#         19
  -------         ENDPROC       TIMER0_1MS_INIT
  -------         PROC          TIME0_INTERRUPTION
  -------         DO            
  D:001EH         SYMBOL        Delay_Count_Buff
  -------         ENDDO         
  C:0538H         LINE#         28
  C:053CH         LINE#         32
  C:0544H         LINE#         34
  C:054FH         LINE#         35
  C:054FH         LINE#         36
  C:0555H         LINE#         38
  C:0557H         LINE#         39
  C:0557H         LINE#         40
  -------         ENDPROC       TIME0_INTERRUPTION
  -------         ENDMOD        TIMER

  -------         MODULE        SPI
  C:0000H         SYMBOL        _ICE_DUMMY_
  D:0080H         PUBLIC        P0
  D:0090H         PUBLIC        P1
  D:00A0H         PUBLIC        P2
BL51 BANKED LINKER/LOCATER V6.22                                                      12/31/2018  10:30:02  PAGE 14


  D:00B0H         PUBLIC        P3
  D:00C0H         PUBLIC        P4
  D:00C8H         PUBLIC        P5
  D:00E8H         PUBLIC        P6
  D:00F8H         PUBLIC        P7
  D:00CEH         PUBLIC        SPCTL
  D:00A8H         PUBLIC        IE
  D:00B8H         PUBLIC        IP
  D:00D8H         PUBLIC        CCON
  D:0098H         PUBLIC        SCON
  D:0088H         PUBLIC        TCON
  D:00AFH         PUBLIC        IE2
  B:0020H.1       PUBLIC        SPI_Busy_Flag
  D:00CDH         PUBLIC        SPSTAT
  C:0616H         PUBLIC        SPI_Init
  C:0653H         PUBLIC        SPI_Interruption
  C:0623H         PUBLIC        _SPI_ReadWriteByte
  D:00D0H         PUBLIC        PSW
  D:00CFH         PUBLIC        SPDAT
  -------         PROC          SPI_INIT
  C:0616H         LINE#         21
  C:0616H         LINE#         22
  C:0616H         LINE#         23
  C:0619H         LINE#         31
  C:061CH         LINE#         45
  C:061FH         LINE#         47
  C:0622H         LINE#         48
  -------         ENDPROC       SPI_INIT
  -------         PROC          _SPI_READWRITEBYTE
  D:0007H         SYMBOL        TxData
  C:0623H         LINE#         58
  C:0623H         LINE#         59
  C:0623H         LINE#         60
  C:0626H         LINE#         61
  C:0628H         LINE#         62
  C:062AH         LINE#         63
  C:062DH         LINE#         65
  C:062FH         LINE#         66
  -------         ENDPROC       _SPI_READWRITEBYTE
  -------         PROC          SPI_INTERRUPTION
  C:0653H         LINE#         75
  C:0653H         LINE#         77
  C:0656H         LINE#         79
  C:0658H         LINE#         80
  -------         ENDPROC       SPI_INTERRUPTION
  -------         ENDMOD        SPI

  -------         MODULE        ADC
  C:0000H         SYMBOL        _ICE_DUMMY_
  D:0093H         PUBLIC        P0M1
  C:05BEH         PUBLIC        Adc_Init
  D:0080H         PUBLIC        P0
  D:0090H         PUBLIC        P1
  D:00A0H         PUBLIC        P2
  D:00B0H         PUBLIC        P3
  D:00C0H         PUBLIC        P4
  D:00C8H         PUBLIC        P5
BL51 BANKED LINKER/LOCATER V6.22                                                      12/31/2018  10:30:02  PAGE 15


  C:020BH         PUBLIC        Adc_Interruption
  D:00E8H         PUBLIC        P6
  D:0021H         PUBLIC        ADC_BUF
  D:00F8H         PUBLIC        P7
  B:00A8H.5       PUBLIC        EADC
  D:00A8H         PUBLIC        IE
  D:00BDH         PUBLIC        ADC_RES
  D:00B8H         PUBLIC        IP
  B:0020H.2       PUBLIC        ADC_OK_Flag
  D:00D8H         PUBLIC        CCON
  D:00BCH         PUBLIC        ADC_CONTR
  D:0098H         PUBLIC        SCON
  D:0088H         PUBLIC        TCON
  D:009DH         PUBLIC        P1ASF
  D:00BEH         PUBLIC        ADC_RESL
  D:0029H         PUBLIC        ADCXY_CH
  D:00D0H         PUBLIC        PSW
  D:0094H         PUBLIC        P0M0
  -------         PROC          ADC_INIT
  C:05BEH         LINE#         37
  C:05BEH         LINE#         38
  C:05BEH         LINE#         39
  C:05C1H         LINE#         40
  C:05C4H         LINE#         43
  C:05C7H         LINE#         46
  C:05C9H         LINE#         47
  C:05CBH         LINE#         50
  C:05CEH         LINE#         52
  C:05D0H         LINE#         53
  -------         ENDPROC       ADC_INIT
  -------         PROC          ADC_INTERRUPTION
  C:020BH         LINE#         62
  C:021CH         LINE#         64
  C:021FH         LINE#         66
  C:0227H         LINE#         67
  C:0227H         LINE#         68
  C:0240H         LINE#         69
  C:0259H         LINE#         72
  C:025EH         LINE#         73
  C:025EH         LINE#         74
  C:0264H         LINE#         75
  -------         ENDPROC       ADC_INTERRUPTION
  -------         ENDMOD        ADC

  -------         MODULE        MAIN
  C:0000H         SYMBOL        _ICE_DUMMY_
  D:0092H         PUBLIC        P1M0
  D:0093H         PUBLIC        P0M1
  C:03FCH         PUBLIC        System_Init
  D:0096H         PUBLIC        P2M0
  D:0091H         PUBLIC        P1M1
  D:0080H         PUBLIC        P0
  D:00B2H         PUBLIC        P3M0
  D:0095H         PUBLIC        P2M1
  D:0090H         PUBLIC        P1
  D:00B4H         PUBLIC        P4M0
  D:00B1H         PUBLIC        P3M1
BL51 BANKED LINKER/LOCATER V6.22                                                      12/31/2018  10:30:02  PAGE 16


  D:00A0H         PUBLIC        P2
  D:00CAH         PUBLIC        P5M0
  D:00B3H         PUBLIC        P4M1
  D:00B0H         PUBLIC        P3
  D:00CCH         PUBLIC        P6M0
  D:00C9H         PUBLIC        P5M1
  D:00C0H         PUBLIC        P4
  D:00E2H         PUBLIC        P7M0
  D:00CBH         PUBLIC        P6M1
  D:00C8H         PUBLIC        P5
  B:00A8H.7       PUBLIC        EA
  D:00E1H         PUBLIC        P7M1
  D:00E8H         PUBLIC        P6
  D:00F8H         PUBLIC        P7
  D:00A8H         PUBLIC        IE
  D:00B8H         PUBLIC        IP
  D:0097H         PUBLIC        CLK_DIV
  D:00D8H         PUBLIC        CCON
  C:02D8H         PUBLIC        main
  B:00C8H.4       PUBLIC        LED_RUN
  D:0098H         PUBLIC        SCON
  D:0088H         PUBLIC        TCON
  B:0020H.3       PUBLIC        Delay_Time0_500ms_Flag
  X:0000H         PUBLIC        tmp_buf
  D:00D0H         PUBLIC        PSW
  D:0094H         PUBLIC        P0M0
  -------         PROC          SYSTEM_INIT
  C:03FCH         LINE#         33
  C:03FCH         LINE#         34
  C:03FCH         LINE#         36
  C:03FFH         LINE#         39
  C:0401H         LINE#         40
  C:0403H         LINE#         41
  C:0405H         LINE#         42
  C:0407H         LINE#         43
  C:0409H         LINE#         44
  C:040BH         LINE#         45
  C:040DH         LINE#         46
  C:040FH         LINE#         47
  C:0411H         LINE#         48
  C:0413H         LINE#         49
  C:0415H         LINE#         50
  C:0417H         LINE#         51
  C:0419H         LINE#         52
  C:041BH         LINE#         53
  C:041DH         LINE#         54
  C:041FH         LINE#         56
  C:0421H         LINE#         64
  C:0423H         LINE#         74
  C:042CH         LINE#         75
  C:0435H         LINE#         78
  C:0438H         LINE#         79
  -------         ENDPROC       SYSTEM_INIT
  -------         PROC          MAIN
  C:02D8H         LINE#         94
  C:02D8H         LINE#         95
  C:02D8H         LINE#         96
BL51 BANKED LINKER/LOCATER V6.22                                                      12/31/2018  10:30:02  PAGE 17


  C:02DBH         LINE#         97
  C:02E4H         LINE#         98
  C:02ECH         LINE#         100
  C:02F2H         LINE#         101
  C:02F2H         LINE#         102
  C:02F5H         LINE#         103
  C:02FEH         LINE#         104
  C:0300H         LINE#         105
  C:0309H         LINE#         110
  C:030CH         LINE#         113
  C:030CH         LINE#         114
  C:030CH         LINE#         117
  C:030CH         LINE#         118
  C:030EH         LINE#         125
  C:0310H         LINE#         126
  C:0310H         LINE#         131
  C:031CH         LINE#         132
  C:031CH         LINE#         133
  C:0322H         LINE#         134
  C:0326H         LINE#         135
  C:0329H         LINE#         136
  C:0332H         LINE#         137
  C:0332H         LINE#         139
  -------         ENDPROC       MAIN
  -------         ENDMOD        MAIN

  -------         MODULE        VERSION
  C:0000H         SYMBOL        _ICE_DUMMY_
  -------         ENDMOD        VERSION

  -------         MODULE        ?C?COPY
  C:011EH         PUBLIC        ?C?COPY
  -------         ENDMOD        ?C?COPY

  -------         MODULE        ?C?CLDPTR
  C:0144H         PUBLIC        ?C?CLDPTR
  -------         ENDMOD        ?C?CLDPTR

  -------         MODULE        ?C?CSTOPTR
  C:015DH         PUBLIC        ?C?CSTOPTR
  -------         ENDMOD        ?C?CSTOPTR

*** WARNING L16: UNCALLED SEGMENT, IGNORED FOR OVERLAY PROCESS
    SEGMENT: ?PR?_NRF24L01_TXPACKET?NRF24L01

*** WARNING L16: UNCALLED SEGMENT, IGNORED FOR OVERLAY PROCESS
    SEGMENT: ?PR?NRF24L01_TX_MODE?NRF24L01

*** WARNING L16: UNCALLED SEGMENT, IGNORED FOR OVERLAY PROCESS
    SEGMENT: ?PR?ADC_UART_TEST?ROCKER

*** WARNING L16: UNCALLED SEGMENT, IGNORED FOR OVERLAY PROCESS
    SEGMENT: ?PR?GET_ROCKER?ROCKER

*** WARNING L16: UNCALLED SEGMENT, IGNORED FOR OVERLAY PROCESS
    SEGMENT: ?PR?DELAY10US?DELAY

BL51 BANKED LINKER/LOCATER V6.22                                                      12/31/2018  10:30:02  PAGE 18


*** WARNING L16: UNCALLED SEGMENT, IGNORED FOR OVERLAY PROCESS
    SEGMENT: ?PR?DELAY100US?DELAY

*** WARNING L16: UNCALLED SEGMENT, IGNORED FOR OVERLAY PROCESS
    SEGMENT: ?PR?DELAY5MS?DELAY

*** WARNING L16: UNCALLED SEGMENT, IGNORED FOR OVERLAY PROCESS
    SEGMENT: ?PR?DELAY10MS?DELAY

*** WARNING L16: UNCALLED SEGMENT, IGNORED FOR OVERLAY PROCESS
    SEGMENT: ?PR?SOFTDELAY500MS?DELAY

*** WARNING L16: UNCALLED SEGMENT, IGNORED FOR OVERLAY PROCESS
    SEGMENT: ?PR?_DELAY?DELAY

*** WARNING L16: UNCALLED SEGMENT, IGNORED FOR OVERLAY PROCESS
    SEGMENT: ?PR?UART_INIT?UART

*** WARNING L16: UNCALLED SEGMENT, IGNORED FOR OVERLAY PROCESS
    SEGMENT: ?PR?_UART_SENDDATA?UART

*** WARNING L16: UNCALLED SEGMENT, IGNORED FOR OVERLAY PROCESS
    SEGMENT: ?PR?ADC_INIT?ADC

Program Size: data=51.4 xdata=32 code=1621
LINK/LOCATE RUN COMPLETE.  13 WARNING(S),  0 ERROR(S)
