BL51 BANKED LINKER/LOCATER V6.22                                                        12/09/2018  09:23:21  PAGE 1


BL51 BANKED LINKER/LOCATER V6.22, INVOKED BY:
D:\PROGRAM FILES (X86)\KEIL\KEIL_V5\C51\BIN\BL51.EXE ..\OBJ\NRF24L01.obj, ..\OBJ\Rocker.obj, ..\OBJ\STARTUP.obj, ..\OBJ\
>> delay.obj, ..\OBJ\uart.obj, ..\OBJ\timer.obj, ..\OBJ\spi.obj, ..\OBJ\adc.obj, ..\OBJ\MAIN.obj, ..\OBJ\Version.obj TO 
>> ..\OBJ\TEST_NRF_RX_MODE PRINT (.\Listings\TEST_NRF_RX_MODE.m51) RAMSIZE (256)


MEMORY MODEL: SMALL


INPUT MODULES INCLUDED:
  ..\OBJ\NRF24L01.obj (NRF24L01)
  ..\OBJ\Rocker.obj (ROCKER)
  ..\OBJ\STARTUP.obj (?C_STARTUP)
  ..\OBJ\delay.obj (DELAY)
  ..\OBJ\uart.obj (UART)
  ..\OBJ\timer.obj (TIMER)
  ..\OBJ\spi.obj (SPI)
  ..\OBJ\adc.obj (ADC)
  ..\OBJ\MAIN.obj (MAIN)
  ..\OBJ\Version.obj (VERSION)
  D:\PROGRAM FILES (X86)\KEIL\KEIL_V5\C51\LIB\C51S.LIB (?C_INIT)
  D:\PROGRAM FILES (X86)\KEIL\KEIL_V5\C51\LIB\C51S.LIB (?C?COPY)
  D:\PROGRAM FILES (X86)\KEIL\KEIL_V5\C51\LIB\C51S.LIB (?C?CLDPTR)
  D:\PROGRAM FILES (X86)\KEIL\KEIL_V5\C51\LIB\C51S.LIB (?C?CSTOPTR)
  D:\PROGRAM FILES (X86)\KEIL\KEIL_V5\C51\LIB\C51S.LIB (PRINTF)
  D:\PROGRAM FILES (X86)\KEIL\KEIL_V5\C51\LIB\C51S.LIB (?C?CLDOPTR)
  D:\PROGRAM FILES (X86)\KEIL\KEIL_V5\C51\LIB\C51S.LIB (?C?CSTPTR)
  D:\PROGRAM FILES (X86)\KEIL\KEIL_V5\C51\LIB\C51S.LIB (?C?PLDIIDATA)
  D:\PROGRAM FILES (X86)\KEIL\KEIL_V5\C51\LIB\C51S.LIB (?C?CCASE)
  D:\PROGRAM FILES (X86)\KEIL\KEIL_V5\C51\LIB\C51S.LIB (PUTCHAR)


LINK MAP OF MODULE:  ..\OBJ\TEST_NRF_RX_MODE (NRF24L01)


            TYPE    BASE      LENGTH    RELOCATION   SEGMENT NAME
            -----------------------------------------------------

            * * * * * * *   D A T A   M E M O R Y   * * * * * * *
            REG     0000H     0008H     ABSOLUTE     "REG BANK 0"
            DATA    0008H     0014H     UNIT         ?DT?PRINTF?PRINTF
            DATA    001CH     0002H     UNIT         ?DT?TIMER
            DATA    001EH     0001H     UNIT         ?DT?_NRF24L01_TXPACKET?NRF24L01
                    001FH     0001H                  *** GAP ***
            BIT     0020H.0   0001H.1   UNIT         ?BI?PRINTF?PRINTF
            BIT     0021H.1   0000H.1   UNIT         ?BI?UART
            BIT     0021H.2   0000H.1   UNIT         ?BI?SPI
            BIT     0021H.3   0000H.1   UNIT         ?BI?ADC
            BIT     0021H.4   0000H.1   UNIT         ?BI?MAIN
                    0021H.5   0000H.3                *** GAP ***
            DATA    0022H     000CH     UNIT         _DATA_GROUP_
            DATA    002EH     000AH     UNIT         ?DT?NRF24L01
            DATA    0038H     0009H     UNIT         ?DT?ADC
            DATA    0041H     0008H     UNIT         ?DT?ROCKER
            IDATA   0049H     0001H     UNIT         ?STACK

            * * * * * * *  X D A T A   M E M O R Y  * * * * * * *
            XDATA   0000H     0020H     UNIT         ?XD?MAIN
BL51 BANKED LINKER/LOCATER V6.22                                                      12/09/2018  09:23:21  PAGE 2


            XDATA   0020H     0015H     UNIT         ?XD?ADC_UART_TEST?ROCKER

            * * * * * * *   C O D E   M E M O R Y   * * * * * * *
            CODE    0000H     0003H     ABSOLUTE     
            CODE    0003H     0006H     UNIT         ?PR?DELAY10US?DELAY
                    0009H     0002H                  *** GAP ***
            CODE    000BH     0003H     ABSOLUTE     
            CODE    000EH     0013H     UNIT         ?PR?_NRF24L01_WRITE_REG?NRF24L01
                    0021H     0002H                  *** GAP ***
            CODE    0023H     0003H     ABSOLUTE     
            CODE    0026H     0005H     UNIT         ?CO?NRF24L01
            CODE    002BH     0003H     ABSOLUTE     
            CODE    002EH     001BH     UNIT         ?PR?_DELAY?DELAY
                    0049H     0002H                  *** GAP ***
            CODE    004BH     0003H     ABSOLUTE     
            CODE    004EH     035CH     UNIT         ?PR?PRINTF?PRINTF
            CODE    03AAH     01A6H     UNIT         ?C?LIB_CODE
            CODE    0550H     008CH     UNIT         ?C_C51STARTUP
            CODE    05DCH     0068H     UNIT         ?PR?ADC_INTERRUPTION?ADC
            CODE    0644H     0065H     UNIT         ?CO?MAIN
            CODE    06A9H     005CH     UNIT         ?PR?MAIN?MAIN
            CODE    0705H     0048H     UNIT         ?PR?NRF24L01_CHECK?NRF24L01
            CODE    074DH     0042H     UNIT         ?PR?ADC_UART_TEST?ROCKER
            CODE    078FH     0042H     UNIT         ?PR?SYSTEM_INIT?MAIN
            CODE    07D1H     0040H     UNIT         ?PR?_NRF24L01_WRITE_BUF?NRF24L01
            CODE    0811H     0040H     UNIT         ?PR?NRF24L01_TX_MODE?NRF24L01
            CODE    0851H     0037H     UNIT         ?PR?_NRF24L01_TXPACKET?NRF24L01
            CODE    0888H     0035H     UNIT         ?PR?_NRF24L01_READ_BUF?NRF24L01
            CODE    08BDH     0034H     UNIT         ?PR?_NRF24L01_RXPACKET?NRF24L01
            CODE    08F1H     0032H     UNIT         ?PR?NRF24L01_RX_MODE?NRF24L01
            CODE    0923H     002BH     UNIT         ?PR?NRF24L01_INIT?NRF24L01
            CODE    094EH     0027H     UNIT         ?PR?PUTCHAR?PUTCHAR
            CODE    0975H     0025H     UNIT         ?PR?_UART_SENDSTRING?UART
            CODE    099AH     0024H     UNIT         ?PR?TIME0_INTERRUPTION?TIMER
            CODE    09BEH     0023H     UNIT         ?CO?ROCKER
            CODE    09E1H     001EH     UNIT         ?C_INITSEG
            CODE    09FFH     001BH     UNIT         ?PR?UART_INIT?UART
            CODE    0A1AH     0016H     UNIT         ?PR?_UART_SENDDATA?UART
            CODE    0A30H     0013H     UNIT         ?PR?TIMER0_1MS_INIT?TIMER
            CODE    0A43H     0013H     UNIT         ?PR?ADC_INIT?ADC
            CODE    0A56H     000FH     UNIT         ?PR?GET_ROCKER?ROCKER
            CODE    0A65H     000FH     UNIT         ?PR?DELAY200MS?DELAY
            CODE    0A74H     000FH     UNIT         ?PR?SOFTDELAY500MS?DELAY
            CODE    0A83H     000DH     UNIT         ?PR?_NRF24L01_READ_REG?NRF24L01
            CODE    0A90H     000DH     UNIT         ?PR?UART_TIME1_INTERRUPTION?UART
            CODE    0A9DH     000DH     UNIT         ?PR?SPI_INIT?SPI
            CODE    0AAAH     000DH     UNIT         ?PR?_SPI_READWRITEBYTE?SPI
            CODE    0AB7H     000BH     UNIT         ?PR?DELAY100US?DELAY
            CODE    0AC2H     0009H     UNIT         ?PR?DELAY5MS?DELAY
            CODE    0ACBH     0009H     UNIT         ?PR?DELAY10MS?DELAY
            CODE    0AD4H     0006H     UNIT         ?PR?SPI_INTERRUPTION?SPI



OVERLAY MAP OF MODULE:   ..\OBJ\TEST_NRF_RX_MODE (NRF24L01)


BL51 BANKED LINKER/LOCATER V6.22                                                      12/09/2018  09:23:21  PAGE 3


SEGMENT                                    DATA_GROUP 
  +--> CALLED SEGMENT                    START    LENGTH
--------------------------------------------------------
?C_C51STARTUP                            -----    -----
  +--> ?PR?MAIN?MAIN
  +--> ?C_INITSEG

?PR?MAIN?MAIN                            -----    -----
  +--> ?PR?SYSTEM_INIT?MAIN
  +--> ?CO?MAIN
  +--> ?PR?_UART_SENDSTRING?UART
  +--> ?PR?NRF24L01_CHECK?NRF24L01
  +--> ?PR?DELAY200MS?DELAY
  +--> ?PR?NRF24L01_RX_MODE?NRF24L01
  +--> ?PR?_NRF24L01_RXPACKET?NRF24L01

?PR?SYSTEM_INIT?MAIN                     -----    -----
  +--> ?PR?UART_INIT?UART
  +--> ?CO?MAIN
  +--> ?PR?_UART_SENDSTRING?UART
  +--> ?PR?TIMER0_1MS_INIT?TIMER
  +--> ?PR?NRF24L01_INIT?NRF24L01

?PR?_UART_SENDSTRING?UART                0022H    0003H
  +--> ?PR?_UART_SENDDATA?UART

?PR?NRF24L01_INIT?NRF24L01               -----    -----
  +--> ?PR?SPI_INIT?SPI

?PR?NRF24L01_CHECK?NRF24L01              0022H    0005H
  +--> ?CO?NRF24L01
  +--> ?PR?_NRF24L01_WRITE_BUF?NRF24L01
  +--> ?PR?_NRF24L01_READ_BUF?NRF24L01

?PR?_NRF24L01_WRITE_BUF?NRF24L01         0027H    0007H
  +--> ?PR?_SPI_READWRITEBYTE?SPI

?PR?_NRF24L01_READ_BUF?NRF24L01          0027H    0007H
  +--> ?PR?_SPI_READWRITEBYTE?SPI

?PR?NRF24L01_RX_MODE?NRF24L01            -----    -----
  +--> ?PR?_NRF24L01_WRITE_BUF?NRF24L01
  +--> ?PR?_NRF24L01_WRITE_REG?NRF24L01

?PR?_NRF24L01_WRITE_REG?NRF24L01         0026H    0002H
  +--> ?PR?_SPI_READWRITEBYTE?SPI

?PR?_NRF24L01_RXPACKET?NRF24L01          0022H    0004H
  +--> ?PR?_NRF24L01_READ_REG?NRF24L01
  +--> ?PR?_NRF24L01_WRITE_REG?NRF24L01
  +--> ?PR?_NRF24L01_READ_BUF?NRF24L01

?PR?_NRF24L01_READ_REG?NRF24L01          -----    -----
  +--> ?PR?_SPI_READWRITEBYTE?SPI



BL51 BANKED LINKER/LOCATER V6.22                                                      12/09/2018  09:23:21  PAGE 4


SYMBOL TABLE OF MODULE:  ..\OBJ\TEST_NRF_RX_MODE (NRF24L01)

  VALUE           TYPE          NAME
  ----------------------------------

  -------         MODULE        NRF24L01
  C:0000H         SYMBOL        _ICE_DUMMY_
  D:0096H         PUBLIC        P2M0
  D:0080H         PUBLIC        P0
  D:00B2H         PUBLIC        P3M0
  D:0095H         PUBLIC        P2M1
  D:0090H         PUBLIC        P1
  D:00B1H         PUBLIC        P3M1
  D:00A0H         PUBLIC        P2
  D:00CAH         PUBLIC        P5M0
  D:00B0H         PUBLIC        P3
  C:08BDH         PUBLIC        _NRF24L01_RxPacket
  D:00C9H         PUBLIC        P5M1
  D:00C0H         PUBLIC        P4
  D:00C8H         PUBLIC        P5
  C:0851H         PUBLIC        _NRF24L01_TxPacket
  D:00E8H         PUBLIC        P6
  D:00F8H         PUBLIC        P7
  D:00A8H         PUBLIC        IE
  B:0090H.2       PUBLIC        NRF24L01_SPI_CSN
  D:002EH         PUBLIC        RX_ADDRESS
  D:0033H         PUBLIC        TX_ADDRESS
  D:00B8H         PUBLIC        IP
  D:00D8H         PUBLIC        CCON
  D:0098H         PUBLIC        SCON
  D:0088H         PUBLIC        TCON
  C:0705H         PUBLIC        NRF24L01_Check
  C:0026H         SYMBOL        _?ix1000
  B:00B0H.2       PUBLIC        NRF24L01_IRQ
  B:0090H.5       PUBLIC        NRF24L01_SPI_SCLK
  C:0888H         PUBLIC        _NRF24L01_Read_Buf
  C:0A83H         PUBLIC        _NRF24L01_Read_Reg
  B:0090H.4       PUBLIC        NRF24L01_SPI_MISO
  B:0090H.3       PUBLIC        NRF24L01_SPI_MOSI
  B:00C8H.5       PUBLIC        NRF24L01_CE
  C:07DCH         PUBLIC        _NRF24L01_Write_Buf
  C:000EH         PUBLIC        _NRF24L01_Write_Reg
  C:08F1H         PUBLIC        NRF24L01_RX_Mode
  C:0811H         PUBLIC        NRF24L01_TX_Mode
  C:0923H         PUBLIC        NRF24L01_Init
  D:00D0H         PUBLIC        PSW
  -------         PROC          NRF24L01_INIT
  C:0923H         LINE#         20
  C:0923H         LINE#         21
  C:0923H         LINE#         28
  C:0926H         LINE#         29
  C:0929H         LINE#         30
  C:092CH         LINE#         31
  C:092CH         LINE#         32
  C:092EH         LINE#         33
  C:0930H         LINE#         34
  C:0932H         LINE#         35
BL51 BANKED LINKER/LOCATER V6.22                                                      12/09/2018  09:23:21  PAGE 5


  C:0934H         LINE#         38
  C:0934H         LINE#         39
  C:0937H         LINE#         40
  C:093AH         LINE#         41
  C:093AH         LINE#         42
  C:093CH         LINE#         45
  C:093FH         LINE#         46
  C:093FH         LINE#         47
  C:0942H         LINE#         48
  C:0942H         LINE#         49
  C:0944H         LINE#         52
  C:0947H         LINE#         54
  C:0949H         LINE#         55
  C:094BH         LINE#         56
  C:094DH         LINE#         57
  -------         ENDPROC       NRF24L01_INIT
  -------         PROC          NRF24L01_CHECK
  -------         DO            
  D:0022H         SYMBOL        buf
  D:0007H         SYMBOL        i
  -------         ENDDO         
  C:0705H         LINE#         66
  C:0705H         LINE#         67
  C:0705H         LINE#         68
  C:0718H         LINE#         71
  C:0726H         LINE#         72
  C:0734H         LINE#         73
  C:0736H         LINE#         74
  C:0742H         LINE#         76
  C:074AH         LINE#         77
  C:074CH         LINE#         78
  -------         ENDPROC       NRF24L01_CHECK
  -------         PROC          _NRF24L01_WRITE_REG
  D:0007H         SYMBOL        Reg
  D:0026H         SYMBOL        Data
  -------         DO            
  D:0027H         SYMBOL        status
  -------         ENDDO         
  C:000EH         LINE#         88
  C:0010H         LINE#         89
  C:0010H         LINE#         92
  C:0012H         LINE#         93
  C:0017H         LINE#         94
  C:001CH         LINE#         95
  C:001EH         LINE#         97
  C:0020H         LINE#         98
  -------         ENDPROC       _NRF24L01_WRITE_REG
  -------         PROC          _NRF24L01_READ_REG
  D:0007H         SYMBOL        Reg
  -------         DO            
  D:0007H         SYMBOL        Reg_Data
  -------         ENDDO         
  C:0A83H         LINE#         107
  C:0A83H         LINE#         108
  C:0A83H         LINE#         111
  C:0A85H         LINE#         112
  C:0A88H         LINE#         113
BL51 BANKED LINKER/LOCATER V6.22                                                      12/09/2018  09:23:21  PAGE 6


  C:0A8DH         LINE#         114
  C:0A8FH         LINE#         116
  C:0A8FH         LINE#         117
  -------         ENDPROC       _NRF24L01_READ_REG
  -------         PROC          _NRF24L01_READ_BUF
  D:0007H         SYMBOL        Reg
  D:0028H         SYMBOL        p_Buf
  D:002BH         SYMBOL        Len
  -------         DO            
  D:002CH         SYMBOL        status
  D:002DH         SYMBOL        u8_ctr
  -------         ENDDO         
  C:0888H         LINE#         128
  C:088EH         LINE#         129
  C:088EH         LINE#         132
  C:0890H         LINE#         133
  C:0895H         LINE#         134
  C:089FH         LINE#         135
  C:08B8H         LINE#         136
  C:08BAH         LINE#         138
  C:08BCH         LINE#         139
  -------         ENDPROC       _NRF24L01_READ_BUF
  -------         PROC          L?0028
  -------         ENDPROC       L?0028
  -------         PROC          _NRF24L01_WRITE_BUF
  D:0007H         SYMBOL        Reg
  D:0028H         SYMBOL        p_Buf
  D:002BH         SYMBOL        Len
  -------         DO            
  D:002CH         SYMBOL        status
  D:002DH         SYMBOL        u8_ctr
  -------         ENDDO         
  C:07DCH         LINE#         150
  C:07E2H         LINE#         151
  C:07E2H         LINE#         154
  C:07E4H         LINE#         155
  C:07E9H         LINE#         156
  C:07F3H         LINE#         157
  C:080CH         LINE#         158
  C:080EH         LINE#         160
  C:0810H         LINE#         161
  -------         ENDPROC       _NRF24L01_WRITE_BUF
  -------         PROC          _NRF24L01_TXPACKET
  D:0001H         SYMBOL        TxBuf
  -------         DO            
  D:001EH         SYMBOL        sta
  -------         ENDDO         
  C:0851H         LINE#         170
  C:0851H         LINE#         171
  C:0851H         LINE#         174
  C:0853H         LINE#         175
  C:085BH         LINE#         176
  C:085DH         LINE#         177
  C:0860H         LINE#         178
  C:0867H         LINE#         179
  C:086EH         LINE#         181
  C:0873H         LINE#         182
BL51 BANKED LINKER/LOCATER V6.22                                                      12/09/2018  09:23:21  PAGE 7


  C:0873H         LINE#         183
  C:087AH         LINE#         184
  C:087DH         LINE#         185
  C:087DH         LINE#         186
  C:0882H         LINE#         187
  C:0882H         LINE#         188
  C:0885H         LINE#         189
  C:0885H         LINE#         190
  C:0887H         LINE#         191
  -------         ENDPROC       _NRF24L01_TXPACKET
  -------         PROC          _NRF24L01_RXPACKET
  D:0022H         SYMBOL        RxBuf
  -------         DO            
  D:0025H         SYMBOL        sta
  -------         ENDDO         
  C:08BDH         LINE#         200
  C:08C3H         LINE#         201
  C:08C3H         LINE#         204
  C:08CAH         LINE#         205
  C:08D1H         LINE#         206
  C:08D6H         LINE#         207
  C:08D6H         LINE#         208
  C:08E4H         LINE#         209
  C:08EBH         LINE#         210
  C:08EEH         LINE#         211
  C:08EEH         LINE#         212
  C:08F0H         LINE#         213
  -------         ENDPROC       _NRF24L01_RXPACKET
  -------         PROC          NRF24L01_RX_MODE
  C:08F1H         LINE#         223
  C:08F1H         LINE#         224
  C:08F1H         LINE#         225
  C:08F3H         LINE#         227
  C:08F6H         LINE#         229
  C:08FDH         LINE#         230
  C:0904H         LINE#         231
  C:090BH         LINE#         232
  C:0912H         LINE#         233
  C:0919H         LINE#         234
  C:0920H         LINE#         236
  C:0922H         LINE#         237
  -------         ENDPROC       NRF24L01_RX_MODE
  -------         PROC          NRF24L01_TX_MODE
  C:0811H         LINE#         246
  C:0811H         LINE#         247
  C:0811H         LINE#         248
  C:0813H         LINE#         250
  C:0821H         LINE#         252
  C:0824H         LINE#         254
  C:082BH         LINE#         255
  C:0832H         LINE#         256
  C:0839H         LINE#         257
  C:0840H         LINE#         258
  C:0847H         LINE#         259
  C:084EH         LINE#         260
  C:0850H         LINE#         261
  -------         ENDPROC       NRF24L01_TX_MODE
BL51 BANKED LINKER/LOCATER V6.22                                                      12/09/2018  09:23:21  PAGE 8


  -------         ENDMOD        NRF24L01

  -------         MODULE        ROCKER
  C:0000H         SYMBOL        _ICE_DUMMY_
  D:0080H         PUBLIC        P0
  D:0090H         PUBLIC        P1
  D:00A0H         PUBLIC        P2
  D:00B0H         PUBLIC        P3
  D:00C0H         PUBLIC        P4
  D:00C8H         PUBLIC        P5
  D:00E8H         PUBLIC        P6
  D:00F8H         PUBLIC        P7
  C:074DH         PUBLIC        ADC_UART_TEST
  D:00A8H         PUBLIC        IE
  D:0041H         PUBLIC        Rocker_L
  D:00B8H         PUBLIC        IP
  D:0045H         PUBLIC        Rocker_R
  D:00D8H         PUBLIC        CCON
  D:0098H         PUBLIC        SCON
  D:0088H         PUBLIC        TCON
  C:0A56H         PUBLIC        Get_Rocker
  D:00D0H         PUBLIC        PSW
  -------         PROC          ADC_UART_TEST
  -------         DO            
  X:0020H         SYMBOL        str
  -------         ENDDO         
  C:074DH         LINE#         23
  C:074DH         LINE#         24
  C:074DH         LINE#         28
  C:0765H         LINE#         29
  C:076EH         LINE#         30
  C:0786H         LINE#         31
  -------         ENDPROC       ADC_UART_TEST
  -------         PROC          GET_ROCKER
  C:0A56H         LINE#         40
  C:0A56H         LINE#         41
  C:0A56H         LINE#         42
  C:0A5CH         LINE#         43
  C:0A62H         LINE#         47
  -------         ENDPROC       GET_ROCKER
  -------         ENDMOD        ROCKER

  -------         MODULE        ?C_STARTUP
  C:0550H         SEGMENT       ?C_C51STARTUP
  I:0049H         SEGMENT       ?STACK
  C:0000H         PUBLIC        ?C_STARTUP
  D:00E0H         SYMBOL        ACC
  D:00F0H         SYMBOL        B
  D:0083H         SYMBOL        DPH
  D:0082H         SYMBOL        DPL
  N:0000H         SYMBOL        IBPSTACK
  N:0100H         SYMBOL        IBPSTACKTOP
  N:0080H         SYMBOL        IDATALEN
  C:0553H         SYMBOL        IDATALOOP
  N:0000H         SYMBOL        PBPSTACK
  N:0100H         SYMBOL        PBPSTACKTOP
  N:0000H         SYMBOL        PDATALEN
BL51 BANKED LINKER/LOCATER V6.22                                                      12/09/2018  09:23:21  PAGE 9


  N:0000H         SYMBOL        PDATASTART
  N:0000H         SYMBOL        PPAGE
  N:0000H         SYMBOL        PPAGEENABLE
  D:00A0H         SYMBOL        PPAGE_SFR
  D:0081H         SYMBOL        SP
  C:0550H         SYMBOL        STARTUP1
  N:0000H         SYMBOL        XBPSTACK
  N:0000H         SYMBOL        XBPSTACKTOP
  N:0000H         SYMBOL        XDATALEN
  N:0000H         SYMBOL        XDATASTART
  C:0000H         LINE#         126
  C:0550H         LINE#         133
  C:0552H         LINE#         134
  C:0553H         LINE#         135
  C:0554H         LINE#         136
  C:0556H         LINE#         185
  C:0559H         LINE#         196
  -------         ENDMOD        ?C_STARTUP

  -------         MODULE        DELAY
  C:0000H         SYMBOL        _ICE_DUMMY_
  D:0080H         PUBLIC        P0
  D:0090H         PUBLIC        P1
  D:00A0H         PUBLIC        P2
  D:00B0H         PUBLIC        P3
  D:00C0H         PUBLIC        P4
  D:00C8H         PUBLIC        P5
  D:00E8H         PUBLIC        P6
  D:00F8H         PUBLIC        P7
  C:0A74H         PUBLIC        SoftDelay500ms
  C:0AC2H         PUBLIC        Delay5ms
  D:00A8H         PUBLIC        IE
  D:00B8H         PUBLIC        IP
  D:00D8H         PUBLIC        CCON
  D:0098H         PUBLIC        SCON
  C:0ACBH         PUBLIC        Delay10ms
  D:0088H         PUBLIC        TCON
  C:0003H         PUBLIC        Delay10us
  C:0A65H         PUBLIC        Delay200ms
  C:0AB7H         PUBLIC        Delay100us
  C:002EH         PUBLIC        _Delay
  D:00D0H         PUBLIC        PSW
  -------         PROC          DELAY10US
  -------         DO            
  D:0007H         SYMBOL        i
  -------         ENDDO         
  C:0003H         LINE#         26
  C:0003H         LINE#         27
  C:0003H         LINE#         30
  C:0004H         LINE#         31
  C:0006H         LINE#         32
  C:0008H         LINE#         33
  -------         ENDPROC       DELAY10US
  -------         PROC          DELAY100US
  -------         DO            
  D:0007H         SYMBOL        i
  D:0006H         SYMBOL        j
BL51 BANKED LINKER/LOCATER V6.22                                                      12/09/2018  09:23:21  PAGE 10


  -------         ENDDO         
  C:0AB7H         LINE#         35
  C:0AB7H         LINE#         36
  C:0AB7H         LINE#         39
  C:0AB8H         LINE#         40
  C:0AB9H         LINE#         41
  C:0ABBH         LINE#         42
  C:0ABDH         LINE#         44
  C:0ABDH         LINE#         45
  C:0ABFH         LINE#         46
  C:0AC1H         LINE#         47
  -------         ENDPROC       DELAY100US
  -------         PROC          DELAY5MS
  -------         DO            
  D:0007H         SYMBOL        i
  D:0006H         SYMBOL        j
  -------         ENDDO         
  C:0AC2H         LINE#         49
  C:0AC2H         LINE#         50
  C:0AC2H         LINE#         53
  C:0AC4H         LINE#         54
  C:0AC6H         LINE#         56
  C:0AC6H         LINE#         57
  C:0AC8H         LINE#         58
  C:0ACAH         LINE#         59
  -------         ENDPROC       DELAY5MS
  -------         PROC          DELAY10MS
  -------         DO            
  D:0007H         SYMBOL        i
  D:0006H         SYMBOL        j
  -------         ENDDO         
  C:0ACBH         LINE#         61
  C:0ACBH         LINE#         62
  C:0ACBH         LINE#         65
  C:0ACDH         LINE#         66
  C:0ACFH         LINE#         68
  C:0ACFH         LINE#         69
  C:0AD1H         LINE#         70
  C:0AD3H         LINE#         71
  -------         ENDPROC       DELAY10MS
  -------         PROC          DELAY200MS
  -------         DO            
  D:0007H         SYMBOL        i
  D:0006H         SYMBOL        j
  D:0005H         SYMBOL        k
  -------         ENDDO         
  C:0A65H         LINE#         73
  C:0A65H         LINE#         74
  C:0A65H         LINE#         77
  C:0A66H         LINE#         78
  C:0A67H         LINE#         79
  C:0A69H         LINE#         80
  C:0A6BH         LINE#         81
  C:0A6DH         LINE#         83
  C:0A6DH         LINE#         85
  C:0A6DH         LINE#         86
  C:0A6FH         LINE#         87
BL51 BANKED LINKER/LOCATER V6.22                                                      12/09/2018  09:23:21  PAGE 11


  C:0A71H         LINE#         88
  C:0A73H         LINE#         89
  -------         ENDPROC       DELAY200MS
  -------         PROC          SOFTDELAY500MS
  -------         DO            
  D:0007H         SYMBOL        i
  D:0006H         SYMBOL        j
  D:0005H         SYMBOL        k
  -------         ENDDO         
  C:0A74H         LINE#         91
  C:0A74H         LINE#         92
  C:0A74H         LINE#         95
  C:0A75H         LINE#         96
  C:0A76H         LINE#         97
  C:0A78H         LINE#         98
  C:0A7AH         LINE#         99
  C:0A7CH         LINE#         101
  C:0A7CH         LINE#         103
  C:0A7CH         LINE#         104
  C:0A7EH         LINE#         105
  C:0A80H         LINE#         106
  C:0A82H         LINE#         107
  -------         ENDPROC       SOFTDELAY500MS
  -------         PROC          _DELAY
  D:0006H         SYMBOL        n
  -------         DO            
  D:0004H         SYMBOL        x
  -------         ENDDO         
  C:002EH         LINE#         112
  C:002EH         LINE#         113
  C:002EH         LINE#         116
  C:0038H         LINE#         117
  C:0038H         LINE#         118
  C:003CH         LINE#         119
  C:0048H         LINE#         121
  -------         ENDPROC       _DELAY
  -------         ENDMOD        DELAY

  -------         MODULE        UART
  C:0000H         SYMBOL        _ICE_DUMMY_
  D:0080H         PUBLIC        P0
  D:0090H         PUBLIC        P1
  D:00A0H         PUBLIC        P2
  D:00B0H         PUBLIC        P3
  D:00C0H         PUBLIC        P4
  D:00C8H         PUBLIC        P5
  B:00A8H.7       PUBLIC        EA
  D:00E8H         PUBLIC        P6
  D:00F8H         PUBLIC        P7
  D:00A2H         PUBLIC        P_SW1
  D:00A8H         PUBLIC        IE
  B:00A8H.4       PUBLIC        ES
  D:00B8H         PUBLIC        IP
  B:0098H.0       PUBLIC        RI
  B:0098H.1       PUBLIC        TI
  B:00B8H.4       PUBLIC        PS
  D:00D8H         PUBLIC        CCON
BL51 BANKED LINKER/LOCATER V6.22                                                      12/09/2018  09:23:21  PAGE 12


  C:0975H         PUBLIC        _UART_SendString
  C:0A1AH         PUBLIC        _UART_SendData
  B:0021H.1       PUBLIC        UART_Txd_Pre_OK_Flag
  D:0099H         PUBLIC        SBUF
  C:09FFH         PUBLIC        UART_Init
  D:0098H         PUBLIC        SCON
  D:0088H         PUBLIC        TCON
  D:008EH         PUBLIC        AUXR
  B:0098H.3       PUBLIC        TB8
  D:00D6H         PUBLIC        T2H
  D:00D7H         PUBLIC        T2L
  C:0A90H         PUBLIC        UART_Time1_Interruption
  D:00D0H         PUBLIC        PSW
  -------         PROC          UART_INIT
  -------         DO            
  D:0007H         SYMBOL        Buff
  -------         ENDDO         
  C:09FFH         LINE#         37
  C:09FFH         LINE#         38
  C:09FFH         LINE#         41
  C:0A01H         LINE#         42
  C:0A04H         LINE#         43
  C:0A06H         LINE#         59
  C:0A09H         LINE#         64
  C:0A0CH         LINE#         65
  C:0A0FH         LINE#         66
  C:0A12H         LINE#         67
  C:0A15H         LINE#         68
  C:0A17H         LINE#         69
  C:0A19H         LINE#         70
  -------         ENDPROC       UART_INIT
  -------         PROC          _UART_SENDDATA
  D:0007H         SYMBOL        Data
  -------         DO            
  D:0006H         SYMBOL        buff
  -------         ENDDO         
  C:0A1AH         LINE#         79
  C:0A1AH         LINE#         80
  C:0A1AH         LINE#         83
  C:0A1AH         LINE#         84
  C:0A1AH         LINE#         85
  C:0A1DH         LINE#         86
  C:0A1DH         LINE#         87
  C:0A1FH         LINE#         88
  C:0A21H         LINE#         89
  C:0A21H         LINE#         90
  C:0A25H         LINE#         91
  C:0A25H         LINE#         93
  C:0A27H         LINE#         97
  C:0A29H         LINE#         99
  C:0A29H         LINE#         101
  C:0A2BH         LINE#         105
  C:0A2BH         LINE#         106
  C:0A2DH         LINE#         108
  C:0A2FH         LINE#         110
  C:0A2FH         LINE#         111
  C:0A2FH         LINE#         112
BL51 BANKED LINKER/LOCATER V6.22                                                      12/09/2018  09:23:21  PAGE 13


  -------         ENDPROC       _UART_SENDDATA
  -------         PROC          _UART_SENDSTRING
  D:0022H         SYMBOL        Str
  C:0975H         LINE#         122
  C:097BH         LINE#         123
  C:097BH         LINE#         125
  C:0986H         LINE#         126
  C:0986H         LINE#         127
  C:0997H         LINE#         128
  C:0999H         LINE#         130
  -------         ENDPROC       _UART_SENDSTRING
  -------         PROC          UART_TIME1_INTERRUPTION
  C:0A90H         LINE#         141
  C:0A90H         LINE#         143
  C:0A93H         LINE#         144
  C:0A93H         LINE#         145
  C:0A95H         LINE#         146
  C:0A95H         LINE#         147
  C:0A98H         LINE#         148
  C:0A98H         LINE#         149
  C:0A9AH         LINE#         150
  C:0A9CH         LINE#         151
  C:0A9CH         LINE#         152
  -------         ENDPROC       UART_TIME1_INTERRUPTION
  -------         ENDMOD        UART

  -------         MODULE        TIMER
  C:0000H         SYMBOL        _ICE_DUMMY_
  D:0080H         PUBLIC        P0
  D:0090H         PUBLIC        P1
  D:00A0H         PUBLIC        P2
  D:00B0H         PUBLIC        P3
  D:00C0H         PUBLIC        P4
  D:00C8H         PUBLIC        P5
  D:00E8H         PUBLIC        P6
  D:00F8H         PUBLIC        P7
  D:00A8H         PUBLIC        IE
  D:00B8H         PUBLIC        IP
  D:00D8H         PUBLIC        CCON
  D:0098H         PUBLIC        SCON
  D:0089H         PUBLIC        TMOD
  D:0088H         PUBLIC        TCON
  C:099AH         PUBLIC        Time0_Interruption
  D:008EH         PUBLIC        AUXR
  B:00A8H.1       PUBLIC        ET0
  B:0088H.5       PUBLIC        TF0
  D:008CH         PUBLIC        TH0
  D:008AH         PUBLIC        TL0
  B:0088H.4       PUBLIC        TR0
  C:0A30H         PUBLIC        Timer0_1MS_Init
  D:00D0H         PUBLIC        PSW
  -------         PROC          TIMER0_1MS_INIT
  C:0A30H         LINE#         9
  C:0A30H         LINE#         10
  C:0A30H         LINE#         11
  C:0A33H         LINE#         12
  C:0A36H         LINE#         13
BL51 BANKED LINKER/LOCATER V6.22                                                      12/09/2018  09:23:21  PAGE 14


  C:0A39H         LINE#         14
  C:0A3CH         LINE#         15
  C:0A3EH         LINE#         16
  C:0A40H         LINE#         17
  C:0A42H         LINE#         19
  -------         ENDPROC       TIMER0_1MS_INIT
  -------         PROC          TIME0_INTERRUPTION
  -------         DO            
  D:001CH         SYMBOL        Delay_Count_Buff
  -------         ENDDO         
  C:099AH         LINE#         28
  C:099EH         LINE#         32
  C:09A6H         LINE#         34
  C:09B1H         LINE#         35
  C:09B1H         LINE#         36
  C:09B7H         LINE#         38
  C:09B9H         LINE#         39
  C:09B9H         LINE#         40
  -------         ENDPROC       TIME0_INTERRUPTION
  -------         ENDMOD        TIMER

  -------         MODULE        SPI
  C:0000H         SYMBOL        _ICE_DUMMY_
  D:0080H         PUBLIC        P0
  D:0090H         PUBLIC        P1
  D:00A0H         PUBLIC        P2
  D:00B0H         PUBLIC        P3
  D:00C0H         PUBLIC        P4
  D:00C8H         PUBLIC        P5
  D:00E8H         PUBLIC        P6
  D:00F8H         PUBLIC        P7
  D:00CEH         PUBLIC        SPCTL
  D:00A8H         PUBLIC        IE
  D:00B8H         PUBLIC        IP
  D:00D8H         PUBLIC        CCON
  D:0098H         PUBLIC        SCON
  D:0088H         PUBLIC        TCON
  D:00AFH         PUBLIC        IE2
  B:0021H.2       PUBLIC        SPI_Busy_Flag
  D:00CDH         PUBLIC        SPSTAT
  C:0A9DH         PUBLIC        SPI_Init
  C:0AD4H         PUBLIC        SPI_Interruption
  C:0AAAH         PUBLIC        _SPI_ReadWriteByte
  D:00D0H         PUBLIC        PSW
  D:00CFH         PUBLIC        SPDAT
  -------         PROC          SPI_INIT
  C:0A9DH         LINE#         21
  C:0A9DH         LINE#         22
  C:0A9DH         LINE#         23
  C:0AA0H         LINE#         31
  C:0AA3H         LINE#         45
  C:0AA6H         LINE#         47
  C:0AA9H         LINE#         48
  -------         ENDPROC       SPI_INIT
  -------         PROC          _SPI_READWRITEBYTE
  D:0007H         SYMBOL        TxData
  C:0AAAH         LINE#         58
BL51 BANKED LINKER/LOCATER V6.22                                                      12/09/2018  09:23:21  PAGE 15


  C:0AAAH         LINE#         59
  C:0AAAH         LINE#         60
  C:0AADH         LINE#         61
  C:0AAFH         LINE#         62
  C:0AB1H         LINE#         63
  C:0AB4H         LINE#         65
  C:0AB6H         LINE#         66
  -------         ENDPROC       _SPI_READWRITEBYTE
  -------         PROC          SPI_INTERRUPTION
  C:0AD4H         LINE#         75
  C:0AD4H         LINE#         77
  C:0AD7H         LINE#         79
  C:0AD9H         LINE#         80
  -------         ENDPROC       SPI_INTERRUPTION
  -------         ENDMOD        SPI

  -------         MODULE        ADC
  C:0000H         SYMBOL        _ICE_DUMMY_
  D:0093H         PUBLIC        P0M1
  C:0A43H         PUBLIC        Adc_Init
  D:0080H         PUBLIC        P0
  D:0090H         PUBLIC        P1
  D:00A0H         PUBLIC        P2
  D:00B0H         PUBLIC        P3
  D:00C0H         PUBLIC        P4
  D:00C8H         PUBLIC        P5
  C:05DCH         PUBLIC        Adc_Interruption
  D:00E8H         PUBLIC        P6
  D:0038H         PUBLIC        ADC_BUF
  D:00F8H         PUBLIC        P7
  B:00A8H.5       PUBLIC        EADC
  D:00A8H         PUBLIC        IE
  D:00BDH         PUBLIC        ADC_RES
  D:00B8H         PUBLIC        IP
  B:0021H.3       PUBLIC        ADC_OK_Flag
  D:00D8H         PUBLIC        CCON
  D:00BCH         PUBLIC        ADC_CONTR
  D:0098H         PUBLIC        SCON
  D:0088H         PUBLIC        TCON
  D:009DH         PUBLIC        P1ASF
  D:00BEH         PUBLIC        ADC_RESL
  D:0040H         PUBLIC        ADCXY_CH
  D:00D0H         PUBLIC        PSW
  D:0094H         PUBLIC        P0M0
  -------         PROC          ADC_INIT
  C:0A43H         LINE#         37
  C:0A43H         LINE#         38
  C:0A43H         LINE#         39
  C:0A46H         LINE#         40
  C:0A49H         LINE#         43
  C:0A4CH         LINE#         46
  C:0A4EH         LINE#         47
  C:0A50H         LINE#         50
  C:0A53H         LINE#         52
  C:0A55H         LINE#         53
  -------         ENDPROC       ADC_INIT
  -------         PROC          ADC_INTERRUPTION
BL51 BANKED LINKER/LOCATER V6.22                                                      12/09/2018  09:23:21  PAGE 16


  C:05DCH         LINE#         62
  C:05EDH         LINE#         64
  C:05F0H         LINE#         66
  C:05F8H         LINE#         67
  C:05F8H         LINE#         68
  C:0611H         LINE#         69
  C:062AH         LINE#         72
  C:062FH         LINE#         73
  C:062FH         LINE#         74
  C:0635H         LINE#         75
  -------         ENDPROC       ADC_INTERRUPTION
  -------         ENDMOD        ADC

  -------         MODULE        MAIN
  C:0000H         SYMBOL        _ICE_DUMMY_
  D:0092H         PUBLIC        P1M0
  D:0093H         PUBLIC        P0M1
  C:078FH         PUBLIC        System_Init
  D:0096H         PUBLIC        P2M0
  D:0091H         PUBLIC        P1M1
  D:0080H         PUBLIC        P0
  D:00B2H         PUBLIC        P3M0
  D:0095H         PUBLIC        P2M1
  D:0090H         PUBLIC        P1
  D:00B4H         PUBLIC        P4M0
  D:00B1H         PUBLIC        P3M1
  D:00A0H         PUBLIC        P2
  D:00CAH         PUBLIC        P5M0
  D:00B3H         PUBLIC        P4M1
  D:00B0H         PUBLIC        P3
  D:00CCH         PUBLIC        P6M0
  D:00C9H         PUBLIC        P5M1
  D:00C0H         PUBLIC        P4
  D:00E2H         PUBLIC        P7M0
  D:00CBH         PUBLIC        P6M1
  D:00C8H         PUBLIC        P5
  B:00A8H.7       PUBLIC        EA
  D:00E1H         PUBLIC        P7M1
  D:00E8H         PUBLIC        P6
  D:00F8H         PUBLIC        P7
  D:00A8H         PUBLIC        IE
  D:00B8H         PUBLIC        IP
  D:0097H         PUBLIC        CLK_DIV
  D:00D8H         PUBLIC        CCON
  C:06A9H         PUBLIC        main
  D:0098H         PUBLIC        SCON
  D:0088H         PUBLIC        TCON
  B:0021H.4       PUBLIC        Delay_Time0_500ms_Flag
  B:00C8H.4       PUBLIC        LED
  X:0000H         PUBLIC        tmp_buf
  D:00D0H         PUBLIC        PSW
  D:0094H         PUBLIC        P0M0
  -------         PROC          SYSTEM_INIT
  C:078FH         LINE#         33
  C:078FH         LINE#         34
  C:078FH         LINE#         36
  C:0792H         LINE#         39
BL51 BANKED LINKER/LOCATER V6.22                                                      12/09/2018  09:23:21  PAGE 17


  C:0794H         LINE#         40
  C:0796H         LINE#         41
  C:0798H         LINE#         42
  C:079AH         LINE#         43
  C:079CH         LINE#         44
  C:079EH         LINE#         45
  C:07A0H         LINE#         46
  C:07A2H         LINE#         47
  C:07A4H         LINE#         48
  C:07A6H         LINE#         49
  C:07A8H         LINE#         50
  C:07AAH         LINE#         51
  C:07ACH         LINE#         52
  C:07AEH         LINE#         53
  C:07B0H         LINE#         54
  C:07B2H         LINE#         56
  C:07B4H         LINE#         64
  C:07B6H         LINE#         67
  C:07B9H         LINE#         74
  C:07C2H         LINE#         75
  C:07CBH         LINE#         78
  C:07CEH         LINE#         79
  -------         ENDPROC       SYSTEM_INIT
  -------         PROC          MAIN
  C:06A9H         LINE#         94
  C:06A9H         LINE#         95
  C:06A9H         LINE#         96
  C:06ACH         LINE#         97
  C:06B5H         LINE#         98
  C:06BDH         LINE#         100
  C:06C3H         LINE#         101
  C:06C3H         LINE#         102
  C:06C6H         LINE#         103
  C:06CFH         LINE#         104
  C:06D1H         LINE#         105
  C:06DAH         LINE#         110
  C:06DDH         LINE#         113
  C:06DDH         LINE#         114
  C:06DDH         LINE#         117
  C:06DDH         LINE#         118
  C:06DFH         LINE#         125
  C:06E1H         LINE#         126
  C:06E1H         LINE#         131
  C:06EDH         LINE#         132
  C:06EDH         LINE#         133
  C:06F3H         LINE#         134
  C:06F7H         LINE#         135
  C:06FAH         LINE#         136
  C:0703H         LINE#         137
  C:0703H         LINE#         139
  -------         ENDPROC       MAIN
  -------         ENDMOD        MAIN

  -------         MODULE        VERSION
  C:0000H         SYMBOL        _ICE_DUMMY_
  -------         ENDMOD        VERSION

BL51 BANKED LINKER/LOCATER V6.22                                                      12/09/2018  09:23:21  PAGE 18


  -------         MODULE        ?C?COPY
  C:047AH         PUBLIC        ?C?COPY
  -------         ENDMOD        ?C?COPY

  -------         MODULE        ?C?CLDPTR
  C:04A0H         PUBLIC        ?C?CLDPTR
  -------         ENDMOD        ?C?CLDPTR

  -------         MODULE        ?C?CSTOPTR
  C:04B9H         PUBLIC        ?C?CSTOPTR
  -------         ENDMOD        ?C?CSTOPTR

  -------         MODULE        PRINTF
  D:0008H         PUBLIC        ?_PRINTF517?BYTE
  D:0008H         PUBLIC        ?_PRINTF?BYTE
  D:0008H         PUBLIC        ?_SPRINTF517?BYTE
  D:0008H         PUBLIC        ?_SPRINTF?BYTE
  C:00B0H         PUBLIC        _PRINTF
  C:00B0H         PUBLIC        _PRINTF517
  C:00AAH         PUBLIC        _SPRINTF
  C:00AAH         PUBLIC        _SPRINTF517
  -------         ENDMOD        PRINTF

  -------         MODULE        ?C?CLDOPTR
  C:04DBH         PUBLIC        ?C?CLDOPTR
  -------         ENDMOD        ?C?CLDOPTR

  -------         MODULE        ?C?CSTPTR
  C:0508H         PUBLIC        ?C?CSTPTR
  -------         ENDMOD        ?C?CSTPTR

  -------         MODULE        ?C?PLDIIDATA
  C:051AH         PUBLIC        ?C?PLDIIDATA
  -------         ENDMOD        ?C?PLDIIDATA

  -------         MODULE        ?C?CCASE
  C:052AH         PUBLIC        ?C?CCASE
  -------         ENDMOD        ?C?CCASE

  -------         MODULE        PUTCHAR
  C:094EH         PUBLIC        _PUTCHAR
  -------         ENDMOD        PUTCHAR

*** WARNING L16: UNCALLED SEGMENT, IGNORED FOR OVERLAY PROCESS
    SEGMENT: ?PR?_NRF24L01_TXPACKET?NRF24L01

*** WARNING L16: UNCALLED SEGMENT, IGNORED FOR OVERLAY PROCESS
    SEGMENT: ?PR?NRF24L01_TX_MODE?NRF24L01

*** WARNING L16: UNCALLED SEGMENT, IGNORED FOR OVERLAY PROCESS
    SEGMENT: ?PR?GET_ROCKER?ROCKER

*** WARNING L16: UNCALLED SEGMENT, IGNORED FOR OVERLAY PROCESS
    SEGMENT: ?PR?DELAY10US?DELAY

*** WARNING L16: UNCALLED SEGMENT, IGNORED FOR OVERLAY PROCESS
    SEGMENT: ?PR?DELAY100US?DELAY
BL51 BANKED LINKER/LOCATER V6.22                                                      12/09/2018  09:23:21  PAGE 19



*** WARNING L16: UNCALLED SEGMENT, IGNORED FOR OVERLAY PROCESS
    SEGMENT: ?PR?DELAY5MS?DELAY

*** WARNING L16: UNCALLED SEGMENT, IGNORED FOR OVERLAY PROCESS
    SEGMENT: ?PR?DELAY10MS?DELAY

*** WARNING L16: UNCALLED SEGMENT, IGNORED FOR OVERLAY PROCESS
    SEGMENT: ?PR?SOFTDELAY500MS?DELAY

*** WARNING L16: UNCALLED SEGMENT, IGNORED FOR OVERLAY PROCESS
    SEGMENT: ?PR?_DELAY?DELAY

*** WARNING L16: UNCALLED SEGMENT, IGNORED FOR OVERLAY PROCESS
    SEGMENT: ?PR?ADC_INIT?ADC

Program Size: data=72.5 xdata=53 code=2772
LINK/LOCATE RUN COMPLETE.  10 WARNING(S),  0 ERROR(S)
